

================================================================
== Vivado HLS Report for 'bn1'
================================================================
* Date:           Thu Feb  5 03:32:35 2026

* Version:        2019.2 (Build 2704478 on Wed Nov 06 22:10:23 MST 2019)
* Project:        bnn.prj
* Solution:       solution1
* Product family: zynquplus
* Target device:  xczu3eg-sbva484-1-e


================================================================
== Performance Estimates
================================================================
+ Timing: 
    * Summary: 
    +--------+---------+----------+------------+
    |  Clock |  Target | Estimated| Uncertainty|
    +--------+---------+----------+------------+
    |ap_clk  | 4.00 ns | 3.403 ns |   0.50 ns  |
    +--------+---------+----------+------------+

+ Latency: 
    * Summary: 
    +---------+---------+----------+----------+------+------+---------+
    |  Latency (cycles) |  Latency (absolute) |   Interval  | Pipeline|
    |   min   |   max   |    min   |    max   |  min |  max |   Type  |
    +---------+---------+----------+----------+------+------+---------+
    |     1030|     1030| 4.120 us | 4.120 us |  1030|  1030|   none  |
    +---------+---------+----------+----------+------+------+---------+

    + Detail: 
        * Instance: 
        N/A

        * Loop: 
        +----------+---------+---------+----------+-----------+-----------+------+----------+
        |          |  Latency (cycles) | Iteration|  Initiation Interval  | Trip |          |
        | Loop Name|   min   |   max   |  Latency |  achieved |   target  | Count| Pipelined|
        +----------+---------+---------+----------+-----------+-----------+------+----------+
        |- Loop 1  |     1028|     1028|         6|          1|          1|  1024|    yes   |
        +----------+---------+---------+----------+-----------+-----------+------+----------+



================================================================
== Utilization Estimates
================================================================
* Summary: 
+-----------------+---------+-------+--------+-------+-----+
|       Name      | BRAM_18K| DSP48E|   FF   |  LUT  | URAM|
+-----------------+---------+-------+--------+-------+-----+
|DSP              |        -|      -|       -|      -|    -|
|Expression       |        -|      0|       0|   3012|    -|
|FIFO             |        -|      -|       -|      -|    -|
|Instance         |        -|      -|       -|      -|    -|
|Memory           |        -|      -|       -|      -|    -|
|Multiplexer      |        -|      -|       -|     84|    -|
|Register         |        0|      -|    1091|     96|    -|
+-----------------+---------+-------+--------+-------+-----+
|Total            |        0|      0|    1091|   3192|    0|
+-----------------+---------+-------+--------+-------+-----+
|Available        |      432|    360|  141120|  70560|    0|
+-----------------+---------+-------+--------+-------+-----+
|Utilization (%)  |        0|      0|   ~0   |      4|    0|
+-----------------+---------+-------+--------+-------+-----+

+ Detail: 
    * Instance: 
    N/A

    * DSP48E: 
    N/A

    * Memory: 
    N/A

    * FIFO: 
    N/A

    * Expression: 
    +----------------------------+----------+-------+---+----+------------+------------+
    |        Variable Name       | Operation| DSP48E| FF| LUT| Bitwidth P0| Bitwidth P1|
    +----------------------------+----------+-------+---+----+------------+------------+
    |mul_ln1118_fu_2641_p2       |     *    |      0|  0|   5|           4|          16|
    |add_ln1192_105_fu_763_p2    |     +    |      0|  0|  24|           7|          17|
    |add_ln1192_106_fu_1331_p2   |     +    |      0|  0|  27|          20|          20|
    |add_ln1192_107_fu_1337_p2   |     +    |      0|  0|  25|          18|          18|
    |add_ln1192_108_fu_851_p2    |     +    |      0|  0|  26|           8|          19|
    |add_ln1192_109_fu_1682_p2   |     +    |      0|  0|  27|          10|          20|
    |add_ln1192_110_fu_1687_p2   |     +    |      0|  0|  25|          10|          18|
    |add_ln1192_111_fu_931_p2    |     +    |      0|  0|  24|          10|          17|
    |add_ln1192_112_fu_4073_p2   |     +    |      0|  0|  27|           9|          20|
    |add_ln1192_113_fu_1913_p2   |     +    |      0|  0|  27|          20|          20|
    |add_ln1192_114_fu_1919_p2   |     +    |      0|  0|  25|          18|          18|
    |add_ln1192_115_fu_949_p2    |     +    |      0|  0|  24|           6|          17|
    |add_ln1192_116_fu_2139_p2   |     +    |      0|  0|  26|          19|          19|
    |add_ln1192_117_fu_2145_p2   |     +    |      0|  0|  25|          18|          18|
    |add_ln1192_118_fu_967_p2    |     +    |      0|  0|  27|           8|          20|
    |add_ln1192_119_fu_1029_p2   |     +    |      0|  0|  24|           6|          17|
    |add_ln1192_120_fu_2429_p2   |     +    |      0|  0|  27|          20|          20|
    |add_ln1192_121_fu_2435_p2   |     +    |      0|  0|  25|          18|          18|
    |add_ln1192_122_fu_4078_p2   |     +    |      0|  0|  25|           9|          18|
    |add_ln1192_123_fu_1051_p2   |     +    |      0|  0|  27|           8|          20|
    |add_ln1192_124_fu_1109_p2   |     +    |      0|  0|  24|           7|          17|
    |add_ln1192_125_fu_2751_p2   |     +    |      0|  0|  27|          20|          20|
    |add_ln1192_126_fu_2757_p2   |     +    |      0|  0|  25|          18|          18|
    |add_ln1192_127_fu_1131_p2   |     +    |      0|  0|  25|           5|          18|
    |add_ln1192_128_fu_2988_p2   |     +    |      0|  0|  27|          20|          20|
    |add_ln1192_129_fu_2994_p2   |     +    |      0|  0|  25|          18|          18|
    |add_ln1192_130_fu_1153_p2   |     +    |      0|  0|  27|           7|          20|
    |add_ln1192_131_fu_3278_p2   |     +    |      0|  0|  26|          19|          19|
    |add_ln1192_132_fu_3510_p2   |     +    |      0|  0|  27|          20|          20|
    |add_ln1192_133_fu_3719_p2   |     +    |      0|  0|  27|           7|          20|
    |add_ln1192_134_fu_1211_p2   |     +    |      0|  0|  24|           5|          17|
    |add_ln1192_135_fu_3284_p2   |     +    |      0|  0|  25|          18|          18|
    |add_ln1192_136_fu_1225_p2   |     +    |      0|  0|  24|           9|          17|
    |add_ln1192_137_fu_3516_p2   |     +    |      0|  0|  25|          18|          18|
    |add_ln1192_138_fu_3724_p2   |     +    |      0|  0|  25|           7|          18|
    |add_ln1192_fu_785_p2        |     +    |      0|  0|  27|           9|          20|
    |add_ln203_2_fu_1292_p2      |     +    |      0|  0|  19|          12|          12|
    |add_ln203_fu_1283_p2        |     +    |      0|  0|  19|          12|          12|
    |add_ln415_101_fu_1721_p2    |     +    |      0|  0|  23|          16|          16|
    |add_ln415_102_fu_1954_p2    |     +    |      0|  0|  23|          16|          16|
    |add_ln415_103_fu_2180_p2    |     +    |      0|  0|  23|          16|          16|
    |add_ln415_105_fu_2470_p2    |     +    |      0|  0|  23|          16|          16|
    |add_ln415_106_fu_4112_p2    |     +    |      0|  0|  23|          16|          16|
    |add_ln415_108_fu_2799_p2    |     +    |      0|  0|  23|          16|          16|
    |add_ln415_109_fu_3025_p2    |     +    |      0|  0|  23|           1|          16|
    |add_ln415_111_fu_3326_p2    |     +    |      0|  0|  23|          16|          16|
    |add_ln415_112_fu_3551_p2    |     +    |      0|  0|  23|          16|          16|
    |add_ln415_113_fu_3755_p2    |     +    |      0|  0|  23|           1|          16|
    |add_ln415_fu_1372_p2        |     +    |      0|  0|  23|          16|          16|
    |add_ln446_2_fu_729_p2       |     +    |      0|  0|  19|          12|          12|
    |add_ln446_fu_720_p2         |     +    |      0|  0|  19|          12|          12|
    |add_ln71_fu_659_p2          |     +    |      0|  0|  18|          11|           1|
    |add_ln75_fu_687_p2          |     +    |      0|  0|  15|           2|           6|
    |col_fu_693_p2               |     +    |      0|  0|  15|           1|           6|
    |row_fu_647_p2               |     +    |      0|  0|  15|           6|           1|
    |sub_ln1118_1_fu_1259_p2     |     -    |      0|  0|  27|          20|          20|
    |sub_ln1118_fu_909_p2        |     -    |      0|  0|  27|          20|          20|
    |and_ln416_121_fu_1741_p2    |    and   |      0|  0|   2|           1|           1|
    |and_ln416_122_fu_1974_p2    |    and   |      0|  0|   2|           1|           1|
    |and_ln416_123_fu_2200_p2    |    and   |      0|  0|   2|           1|           1|
    |and_ln416_124_fu_2490_p2    |    and   |      0|  0|   2|           1|           1|
    |and_ln416_125_fu_4132_p2    |    and   |      0|  0|   2|           1|           1|
    |and_ln416_126_fu_2819_p2    |    and   |      0|  0|   2|           1|           1|
    |and_ln416_127_fu_3045_p2    |    and   |      0|  0|   2|           1|           1|
    |and_ln416_128_fu_3346_p2    |    and   |      0|  0|   2|           1|           1|
    |and_ln416_129_fu_3571_p2    |    and   |      0|  0|   2|           1|           1|
    |and_ln416_130_fu_3775_p2    |    and   |      0|  0|   2|           1|           1|
    |and_ln416_fu_1392_p2        |    and   |      0|  0|   2|           1|           1|
    |and_ln779_10_fu_2893_p2     |    and   |      0|  0|   2|           1|           1|
    |and_ln779_11_fu_3119_p2     |    and   |      0|  0|   2|           1|           1|
    |and_ln779_13_fu_3412_p2     |    and   |      0|  0|   2|           1|           1|
    |and_ln779_14_fu_3645_p2     |    and   |      0|  0|   2|           1|           1|
    |and_ln779_15_fu_3849_p2     |    and   |      0|  0|   2|           1|           1|
    |and_ln779_3_fu_1815_p2      |    and   |      0|  0|   2|           1|           1|
    |and_ln779_4_fu_2048_p2      |    and   |      0|  0|   2|           1|           1|
    |and_ln779_5_fu_2266_p2      |    and   |      0|  0|   2|           1|           1|
    |and_ln779_7_fu_2564_p2      |    and   |      0|  0|   2|           1|           1|
    |and_ln779_8_fu_4206_p2      |    and   |      0|  0|   2|           1|           1|
    |and_ln779_fu_1466_p2        |    and   |      0|  0|   2|           1|           1|
    |and_ln781_10_fu_2907_p2     |    and   |      0|  0|   2|           1|           1|
    |and_ln781_11_fu_3133_p2     |    and   |      0|  0|   2|           1|           1|
    |and_ln781_13_fu_3426_p2     |    and   |      0|  0|   2|           1|           1|
    |and_ln781_14_fu_3659_p2     |    and   |      0|  0|   2|           1|           1|
    |and_ln781_15_fu_3863_p2     |    and   |      0|  0|   2|           1|           1|
    |and_ln781_3_fu_1829_p2      |    and   |      0|  0|   2|           1|           1|
    |and_ln781_4_fu_2062_p2      |    and   |      0|  0|   2|           1|           1|
    |and_ln781_5_fu_2280_p2      |    and   |      0|  0|   2|           1|           1|
    |and_ln781_7_fu_2578_p2      |    and   |      0|  0|   2|           1|           1|
    |and_ln781_8_fu_4220_p2      |    and   |      0|  0|   2|           1|           1|
    |and_ln781_fu_1480_p2        |    and   |      0|  0|   2|           1|           1|
    |and_ln785_121_fu_1549_p2    |    and   |      0|  0|   2|           1|           1|
    |and_ln785_122_fu_1625_p2    |    and   |      0|  0|   2|           1|           1|
    |and_ln785_123_fu_1853_p2    |    and   |      0|  0|   2|           1|           1|
    |and_ln785_124_fu_2086_p2    |    and   |      0|  0|   2|           1|           1|
    |and_ln785_125_fu_2304_p2    |    and   |      0|  0|   2|           1|           1|
    |and_ln785_126_fu_2349_p2    |    and   |      0|  0|   2|           1|           1|
    |and_ln785_127_fu_2602_p2    |    and   |      0|  0|   2|           1|           1|
    |and_ln785_128_fu_4244_p2    |    and   |      0|  0|   2|           1|           1|
    |and_ln785_129_fu_2668_p2    |    and   |      0|  0|   2|           1|           1|
    |and_ln785_130_fu_2931_p2    |    and   |      0|  0|   2|           1|           1|
    |and_ln785_131_fu_3157_p2    |    and   |      0|  0|   2|           1|           1|
    |and_ln785_132_fu_3202_p2    |    and   |      0|  0|   2|           1|           1|
    |and_ln785_133_fu_3450_p2    |    and   |      0|  0|   2|           1|           1|
    |and_ln785_134_fu_3683_p2    |    and   |      0|  0|   2|           1|           1|
    |and_ln785_135_fu_3887_p2    |    and   |      0|  0|   2|           1|           1|
    |and_ln785_fu_1504_p2        |    and   |      0|  0|   2|           1|           1|
    |and_ln786_10_fu_2937_p2     |    and   |      0|  0|   2|           1|           1|
    |and_ln786_11_fu_3163_p2     |    and   |      0|  0|   2|           1|           1|
    |and_ln786_12_fu_3208_p2     |    and   |      0|  0|   2|           1|           1|
    |and_ln786_13_fu_3456_p2     |    and   |      0|  0|   2|           1|           1|
    |and_ln786_14_fu_3689_p2     |    and   |      0|  0|   2|           1|           1|
    |and_ln786_15_fu_3893_p2     |    and   |      0|  0|   2|           1|           1|
    |and_ln786_1_fu_1555_p2      |    and   |      0|  0|   2|           1|           1|
    |and_ln786_283_fu_1528_p2    |    and   |      0|  0|   2|           1|           1|
    |and_ln786_284_fu_1565_p2    |    and   |      0|  0|   2|           1|           1|
    |and_ln786_285_fu_1642_p2    |    and   |      0|  0|   2|           1|           1|
    |and_ln786_286_fu_1877_p2    |    and   |      0|  0|   2|           1|           1|
    |and_ln786_287_fu_2110_p2    |    and   |      0|  0|   2|           1|           1|
    |and_ln786_288_fu_2328_p2    |    and   |      0|  0|   2|           1|           1|
    |and_ln786_289_fu_2365_p2    |    and   |      0|  0|   2|           1|           1|
    |and_ln786_290_fu_2626_p2    |    and   |      0|  0|   2|           1|           1|
    |and_ln786_291_fu_4268_p2    |    and   |      0|  0|   2|           1|           1|
    |and_ln786_292_fu_2684_p2    |    and   |      0|  0|   2|           1|           1|
    |and_ln786_293_fu_2955_p2    |    and   |      0|  0|   2|           1|           1|
    |and_ln786_294_fu_3181_p2    |    and   |      0|  0|   2|           1|           1|
    |and_ln786_295_fu_3218_p2    |    and   |      0|  0|   2|           1|           1|
    |and_ln786_296_fu_3474_p2    |    and   |      0|  0|   2|           1|           1|
    |and_ln786_297_fu_3707_p2    |    and   |      0|  0|   2|           1|           1|
    |and_ln786_298_fu_3911_p2    |    and   |      0|  0|   2|           1|           1|
    |and_ln786_2_fu_1631_p2      |    and   |      0|  0|   2|           1|           1|
    |and_ln786_3_fu_1859_p2      |    and   |      0|  0|   2|           1|           1|
    |and_ln786_4_fu_2092_p2      |    and   |      0|  0|   2|           1|           1|
    |and_ln786_5_fu_2310_p2      |    and   |      0|  0|   2|           1|           1|
    |and_ln786_6_fu_2355_p2      |    and   |      0|  0|   2|           1|           1|
    |and_ln786_7_fu_2608_p2      |    and   |      0|  0|   2|           1|           1|
    |and_ln786_8_fu_4250_p2      |    and   |      0|  0|   2|           1|           1|
    |and_ln786_9_fu_2674_p2      |    and   |      0|  0|   2|           1|           1|
    |and_ln786_fu_1510_p2        |    and   |      0|  0|   2|           1|           1|
    |icmp_ln71_fu_653_p2         |   icmp   |      0|  0|  13|          11|          12|
    |icmp_ln72_fu_665_p2         |   icmp   |      0|  0|  11|           6|           7|
    |icmp_ln768_57_fu_1787_p2    |   icmp   |      0|  0|   9|           3|           1|
    |icmp_ln768_58_fu_2020_p2    |   icmp   |      0|  0|   9|           3|           1|
    |icmp_ln768_59_fu_2238_p2    |   icmp   |      0|  0|   8|           2|           1|
    |icmp_ln768_60_fu_2536_p2    |   icmp   |      0|  0|   9|           3|           1|
    |icmp_ln768_61_fu_4178_p2    |   icmp   |      0|  0|   9|           3|           1|
    |icmp_ln768_62_fu_2865_p2    |   icmp   |      0|  0|   9|           3|           1|
    |icmp_ln768_63_fu_3091_p2    |   icmp   |      0|  0|   9|           3|           1|
    |icmp_ln768_64_fu_3384_p2    |   icmp   |      0|  0|   8|           2|           1|
    |icmp_ln768_65_fu_3617_p2    |   icmp   |      0|  0|   9|           3|           1|
    |icmp_ln768_66_fu_3821_p2    |   icmp   |      0|  0|   9|           3|           1|
    |icmp_ln768_fu_1438_p2       |   icmp   |      0|  0|   9|           3|           1|
    |icmp_ln785_32_fu_1610_p2    |   icmp   |      0|  0|   8|           2|           1|
    |icmp_ln785_33_fu_1015_p2    |   icmp   |      0|  0|   9|           3|           1|
    |icmp_ln785_34_fu_1099_p2    |   icmp   |      0|  0|   9|           3|           1|
    |icmp_ln785_35_fu_1201_p2    |   icmp   |      0|  0|   9|           3|           1|
    |icmp_ln785_fu_833_p2        |   icmp   |      0|  0|   9|           3|           1|
    |icmp_ln879_115_fu_1432_p2   |   icmp   |      0|  0|   9|           3|           2|
    |icmp_ln879_116_fu_827_p2    |   icmp   |      0|  0|   9|           3|           2|
    |icmp_ln879_117_fu_1605_p2   |   icmp   |      0|  0|   8|           2|           2|
    |icmp_ln879_118_fu_1765_p2   |   icmp   |      0|  0|   8|           2|           2|
    |icmp_ln879_119_fu_1781_p2   |   icmp   |      0|  0|   9|           3|           2|
    |icmp_ln879_120_fu_1998_p2   |   icmp   |      0|  0|   8|           2|           2|
    |icmp_ln879_121_fu_2014_p2   |   icmp   |      0|  0|   9|           3|           2|
    |icmp_ln879_122_fu_2232_p2   |   icmp   |      0|  0|   8|           2|           2|
    |icmp_ln879_123_fu_1009_p2   |   icmp   |      0|  0|   9|           3|           2|
    |icmp_ln879_124_fu_2514_p2   |   icmp   |      0|  0|   8|           2|           2|
    |icmp_ln879_125_fu_2530_p2   |   icmp   |      0|  0|   9|           3|           2|
    |icmp_ln879_126_fu_4156_p2   |   icmp   |      0|  0|   8|           2|           2|
    |icmp_ln879_127_fu_4172_p2   |   icmp   |      0|  0|   9|           3|           2|
    |icmp_ln879_128_fu_1093_p2   |   icmp   |      0|  0|   9|           3|           2|
    |icmp_ln879_129_fu_2843_p2   |   icmp   |      0|  0|   8|           2|           2|
    |icmp_ln879_130_fu_2859_p2   |   icmp   |      0|  0|   9|           3|           2|
    |icmp_ln879_131_fu_3069_p2   |   icmp   |      0|  0|   8|           2|           2|
    |icmp_ln879_132_fu_3085_p2   |   icmp   |      0|  0|   9|           3|           2|
    |icmp_ln879_133_fu_1195_p2   |   icmp   |      0|  0|   9|           3|           2|
    |icmp_ln879_134_fu_3378_p2   |   icmp   |      0|  0|   8|           2|           2|
    |icmp_ln879_135_fu_3595_p2   |   icmp   |      0|  0|   8|           2|           2|
    |icmp_ln879_136_fu_3611_p2   |   icmp   |      0|  0|   9|           3|           2|
    |icmp_ln879_137_fu_3799_p2   |   icmp   |      0|  0|   8|           2|           2|
    |icmp_ln879_138_fu_3815_p2   |   icmp   |      0|  0|   9|           3|           2|
    |icmp_ln879_fu_1416_p2       |   icmp   |      0|  0|   8|           2|           2|
    |or_ln340_10_fu_2961_p2      |    or    |      0|  0|   2|           1|           1|
    |or_ln340_11_fu_3187_p2      |    or    |      0|  0|   2|           1|           1|
    |or_ln340_12_fu_3223_p2      |    or    |      0|  0|   2|           1|           1|
    |or_ln340_13_fu_3480_p2      |    or    |      0|  0|   2|           1|           1|
    |or_ln340_14_fu_3713_p2      |    or    |      0|  0|   2|           1|           1|
    |or_ln340_15_fu_3917_p2      |    or    |      0|  0|   2|           1|           1|
    |or_ln340_1_fu_1570_p2       |    or    |      0|  0|   2|           1|           1|
    |or_ln340_2_fu_1647_p2       |    or    |      0|  0|   2|           1|           1|
    |or_ln340_361_fu_3927_p2     |    or    |      0|  0|   2|           1|           1|
    |or_ln340_363_fu_1576_p2     |    or    |      0|  0|   2|           1|           1|
    |or_ln340_365_fu_1653_p2     |    or    |      0|  0|   2|           1|           1|
    |or_ln340_367_fu_3957_p2     |    or    |      0|  0|   2|           1|           1|
    |or_ln340_369_fu_3987_p2     |    or    |      0|  0|   2|           1|           1|
    |or_ln340_371_fu_4017_p2     |    or    |      0|  0|   2|           1|           1|
    |or_ln340_373_fu_2376_p2     |    or    |      0|  0|   2|           1|           1|
    |or_ln340_375_fu_4047_p2     |    or    |      0|  0|   2|           1|           1|
    |or_ln340_377_fu_4434_p2     |    or    |      0|  0|   2|           1|           1|
    |or_ln340_379_fu_2695_p2     |    or    |      0|  0|   2|           1|           1|
    |or_ln340_381_fu_4284_p2     |    or    |      0|  0|   2|           1|           1|
    |or_ln340_383_fu_4314_p2     |    or    |      0|  0|   2|           1|           1|
    |or_ln340_385_fu_3229_p2     |    or    |      0|  0|   2|           1|           1|
    |or_ln340_387_fu_4344_p2     |    or    |      0|  0|   2|           1|           1|
    |or_ln340_389_fu_4374_p2     |    or    |      0|  0|   2|           1|           1|
    |or_ln340_391_fu_4404_p2     |    or    |      0|  0|   2|           1|           1|
    |or_ln340_3_fu_1883_p2       |    or    |      0|  0|   2|           1|           1|
    |or_ln340_416_fu_3923_p2     |    or    |      0|  0|   2|           1|           1|
    |or_ln340_417_fu_3953_p2     |    or    |      0|  0|   2|           1|           1|
    |or_ln340_418_fu_3983_p2     |    or    |      0|  0|   2|           1|           1|
    |or_ln340_419_fu_4013_p2     |    or    |      0|  0|   2|           1|           1|
    |or_ln340_420_fu_4043_p2     |    or    |      0|  0|   2|           1|           1|
    |or_ln340_421_fu_4430_p2     |    or    |      0|  0|   2|           1|           1|
    |or_ln340_422_fu_4280_p2     |    or    |      0|  0|   2|           1|           1|
    |or_ln340_423_fu_4310_p2     |    or    |      0|  0|   2|           1|           1|
    |or_ln340_424_fu_4340_p2     |    or    |      0|  0|   2|           1|           1|
    |or_ln340_425_fu_4370_p2     |    or    |      0|  0|   2|           1|           1|
    |or_ln340_426_fu_4400_p2     |    or    |      0|  0|   2|           1|           1|
    |or_ln340_4_fu_2116_p2       |    or    |      0|  0|   2|           1|           1|
    |or_ln340_5_fu_2334_p2       |    or    |      0|  0|   2|           1|           1|
    |or_ln340_6_fu_2370_p2       |    or    |      0|  0|   2|           1|           1|
    |or_ln340_7_fu_2632_p2       |    or    |      0|  0|   2|           1|           1|
    |or_ln340_8_fu_4274_p2       |    or    |      0|  0|   2|           1|           1|
    |or_ln340_9_fu_2689_p2       |    or    |      0|  0|   2|           1|           1|
    |or_ln340_fu_1534_p2         |    or    |      0|  0|   2|           1|           1|
    |or_ln785_10_fu_2919_p2      |    or    |      0|  0|   2|           1|           1|
    |or_ln785_11_fu_3145_p2      |    or    |      0|  0|   2|           1|           1|
    |or_ln785_12_fu_3193_p2      |    or    |      0|  0|   2|           1|           1|
    |or_ln785_13_fu_3438_p2      |    or    |      0|  0|   2|           1|           1|
    |or_ln785_14_fu_3671_p2      |    or    |      0|  0|   2|           1|           1|
    |or_ln785_15_fu_3875_p2      |    or    |      0|  0|   2|           1|           1|
    |or_ln785_1_fu_1540_p2       |    or    |      0|  0|   2|           1|           1|
    |or_ln785_2_fu_1615_p2       |    or    |      0|  0|   2|           1|           1|
    |or_ln785_3_fu_1841_p2       |    or    |      0|  0|   2|           1|           1|
    |or_ln785_4_fu_2074_p2       |    or    |      0|  0|   2|           1|           1|
    |or_ln785_5_fu_2292_p2       |    or    |      0|  0|   2|           1|           1|
    |or_ln785_6_fu_2340_p2       |    or    |      0|  0|   2|           1|           1|
    |or_ln785_7_fu_2590_p2       |    or    |      0|  0|   2|           1|           1|
    |or_ln785_8_fu_4232_p2       |    or    |      0|  0|   2|           1|           1|
    |or_ln785_9_fu_2659_p2       |    or    |      0|  0|   2|           1|           1|
    |or_ln785_fu_1492_p2         |    or    |      0|  0|   2|           1|           1|
    |or_ln786_144_fu_1865_p2     |    or    |      0|  0|   2|           1|           1|
    |or_ln786_145_fu_2098_p2     |    or    |      0|  0|   2|           1|           1|
    |or_ln786_146_fu_2316_p2     |    or    |      0|  0|   2|           1|           1|
    |or_ln786_147_fu_2614_p2     |    or    |      0|  0|   2|           1|           1|
    |or_ln786_148_fu_4256_p2     |    or    |      0|  0|   2|           1|           1|
    |or_ln786_149_fu_2943_p2     |    or    |      0|  0|   2|           1|           1|
    |or_ln786_150_fu_3169_p2     |    or    |      0|  0|   2|           1|           1|
    |or_ln786_151_fu_3462_p2     |    or    |      0|  0|   2|           1|           1|
    |or_ln786_152_fu_3695_p2     |    or    |      0|  0|   2|           1|           1|
    |or_ln786_153_fu_3899_p2     |    or    |      0|  0|   2|           1|           1|
    |or_ln786_fu_1516_p2         |    or    |      0|  0|   2|           1|           1|
    |out_buf_0_0_V_d0            |  select  |      0|  0|  16|           1|          16|
    |out_buf_0_10_V_d0           |  select  |      0|  0|  16|           1|          16|
    |out_buf_0_11_V_d0           |  select  |      0|  0|  16|           1|          16|
    |out_buf_0_12_V_d0           |  select  |      0|  0|  16|           1|          16|
    |out_buf_0_13_V_d0           |  select  |      0|  0|  16|           1|          16|
    |out_buf_0_14_V_d0           |  select  |      0|  0|  16|           1|          16|
    |out_buf_0_15_V_d0           |  select  |      0|  0|  16|           1|          16|
    |out_buf_0_1_V_d0            |  select  |      0|  0|  16|           1|          16|
    |out_buf_0_2_V_d0            |  select  |      0|  0|  16|           1|          16|
    |out_buf_0_3_V_d0            |  select  |      0|  0|  16|           1|          16|
    |out_buf_0_4_V_d0            |  select  |      0|  0|  16|           1|          16|
    |out_buf_0_5_V_d0            |  select  |      0|  0|  16|           1|          16|
    |out_buf_0_6_V_d0            |  select  |      0|  0|  16|           1|          16|
    |out_buf_0_7_V_d0            |  select  |      0|  0|  16|           1|          16|
    |out_buf_0_8_V_d0            |  select  |      0|  0|  16|           1|          16|
    |out_buf_0_9_V_d0            |  select  |      0|  0|  16|           1|          16|
    |select_ln340_10_fu_4289_p3  |  select  |      0|  0|  16|           1|          15|
    |select_ln340_11_fu_4319_p3  |  select  |      0|  0|  16|           1|          15|
    |select_ln340_12_fu_3235_p3  |  select  |      0|  0|  16|           1|          15|
    |select_ln340_13_fu_4349_p3  |  select  |      0|  0|  16|           1|          15|
    |select_ln340_14_fu_4379_p3  |  select  |      0|  0|  16|           1|          15|
    |select_ln340_15_fu_4409_p3  |  select  |      0|  0|  16|           1|          15|
    |select_ln340_1_fu_1582_p3   |  select  |      0|  0|  16|           1|          15|
    |select_ln340_2_fu_1659_p3   |  select  |      0|  0|  16|           1|          15|
    |select_ln340_3_fu_3962_p3   |  select  |      0|  0|  16|           1|          15|
    |select_ln340_4_fu_3992_p3   |  select  |      0|  0|  16|           1|          15|
    |select_ln340_5_fu_4022_p3   |  select  |      0|  0|  16|           1|          15|
    |select_ln340_6_fu_2382_p3   |  select  |      0|  0|  16|           1|          15|
    |select_ln340_7_fu_4052_p3   |  select  |      0|  0|  16|           1|          15|
    |select_ln340_8_fu_4439_p3   |  select  |      0|  0|  16|           1|          15|
    |select_ln340_9_fu_2701_p3   |  select  |      0|  0|  16|           1|          15|
    |select_ln340_fu_3932_p3     |  select  |      0|  0|  16|           1|          15|
    |select_ln388_10_fu_4295_p3  |  select  |      0|  0|  17|           1|          17|
    |select_ln388_11_fu_4325_p3  |  select  |      0|  0|  17|           1|          17|
    |select_ln388_12_fu_3242_p3  |  select  |      0|  0|  17|           1|          17|
    |select_ln388_13_fu_4355_p3  |  select  |      0|  0|  17|           1|          17|
    |select_ln388_14_fu_4385_p3  |  select  |      0|  0|  17|           1|          17|
    |select_ln388_15_fu_4415_p3  |  select  |      0|  0|  17|           1|          17|
    |select_ln388_1_fu_1589_p3   |  select  |      0|  0|  17|           1|          17|
    |select_ln388_2_fu_1666_p3   |  select  |      0|  0|  17|           1|          17|
    |select_ln388_3_fu_3968_p3   |  select  |      0|  0|  17|           1|          17|
    |select_ln388_4_fu_3998_p3   |  select  |      0|  0|  17|           1|          17|
    |select_ln388_5_fu_4028_p3   |  select  |      0|  0|  17|           1|          17|
    |select_ln388_6_fu_2389_p3   |  select  |      0|  0|  17|           1|          17|
    |select_ln388_7_fu_4058_p3   |  select  |      0|  0|  17|           1|          17|
    |select_ln388_8_fu_4445_p3   |  select  |      0|  0|  17|           1|          17|
    |select_ln388_9_fu_2708_p3   |  select  |      0|  0|  17|           1|          17|
    |select_ln388_fu_3938_p3     |  select  |      0|  0|  17|           1|          17|
    |select_ln416_58_fu_1821_p3  |  select  |      0|  0|   2|           1|           1|
    |select_ln416_59_fu_2054_p3  |  select  |      0|  0|   2|           1|           1|
    |select_ln416_60_fu_2272_p3  |  select  |      0|  0|   2|           1|           1|
    |select_ln416_61_fu_2570_p3  |  select  |      0|  0|   2|           1|           1|
    |select_ln416_62_fu_4212_p3  |  select  |      0|  0|   2|           1|           1|
    |select_ln416_63_fu_2899_p3  |  select  |      0|  0|   2|           1|           1|
    |select_ln416_64_fu_3125_p3  |  select  |      0|  0|   2|           1|           1|
    |select_ln416_65_fu_3418_p3  |  select  |      0|  0|   2|           1|           1|
    |select_ln416_66_fu_3651_p3  |  select  |      0|  0|   2|           1|           1|
    |select_ln416_67_fu_3855_p3  |  select  |      0|  0|   2|           1|           1|
    |select_ln416_fu_1472_p3     |  select  |      0|  0|   2|           1|           1|
    |select_ln75_1_fu_679_p3     |  select  |      0|  0|   6|           1|           6|
    |select_ln75_2_fu_699_p3     |  select  |      0|  0|   6|           1|           6|
    |select_ln75_fu_671_p3       |  select  |      0|  0|   6|           1|           1|
    |select_ln777_57_fu_1793_p3  |  select  |      0|  0|   2|           1|           1|
    |select_ln777_58_fu_2026_p3  |  select  |      0|  0|   2|           1|           1|
    |select_ln777_59_fu_2244_p3  |  select  |      0|  0|   2|           1|           1|
    |select_ln777_60_fu_2542_p3  |  select  |      0|  0|   2|           1|           1|
    |select_ln777_61_fu_4184_p3  |  select  |      0|  0|   2|           1|           1|
    |select_ln777_62_fu_2871_p3  |  select  |      0|  0|   2|           1|           1|
    |select_ln777_63_fu_3097_p3  |  select  |      0|  0|   2|           1|           1|
    |select_ln777_64_fu_3390_p3  |  select  |      0|  0|   2|           1|           1|
    |select_ln777_65_fu_3623_p3  |  select  |      0|  0|   2|           1|           1|
    |select_ln777_66_fu_3827_p3  |  select  |      0|  0|   2|           1|           1|
    |select_ln777_fu_1444_p3     |  select  |      0|  0|   2|           1|           1|
    |ap_enable_pp0               |    xor   |      0|  0|   2|           1|           2|
    |ap_enable_reg_pp0_iter1     |    xor   |      0|  0|   2|           2|           1|
    |xor_ln415_1_fu_3316_p2      |    xor   |      0|  0|   2|           1|           2|
    |xor_ln415_fu_2789_p2        |    xor   |      0|  0|   2|           1|           2|
    |xor_ln416_175_fu_1735_p2    |    xor   |      0|  0|   2|           1|           2|
    |xor_ln416_176_fu_1968_p2    |    xor   |      0|  0|   2|           1|           2|
    |xor_ln416_177_fu_2194_p2    |    xor   |      0|  0|   2|           1|           2|
    |xor_ln416_178_fu_2484_p2    |    xor   |      0|  0|   2|           1|           2|
    |xor_ln416_179_fu_4126_p2    |    xor   |      0|  0|   2|           1|           2|
    |xor_ln416_180_fu_2813_p2    |    xor   |      0|  0|   2|           1|           2|
    |xor_ln416_181_fu_3039_p2    |    xor   |      0|  0|   2|           1|           2|
    |xor_ln416_182_fu_3340_p2    |    xor   |      0|  0|   2|           1|           2|
    |xor_ln416_183_fu_3565_p2    |    xor   |      0|  0|   2|           1|           2|
    |xor_ln416_184_fu_3769_p2    |    xor   |      0|  0|   2|           1|           2|
    |xor_ln416_fu_1386_p2        |    xor   |      0|  0|   2|           1|           2|
    |xor_ln779_112_fu_1809_p2    |    xor   |      0|  0|   2|           1|           2|
    |xor_ln779_113_fu_2042_p2    |    xor   |      0|  0|   2|           1|           2|
    |xor_ln779_114_fu_2260_p2    |    xor   |      0|  0|   2|           1|           2|
    |xor_ln779_115_fu_2558_p2    |    xor   |      0|  0|   2|           1|           2|
    |xor_ln779_116_fu_4200_p2    |    xor   |      0|  0|   2|           1|           2|
    |xor_ln779_117_fu_2887_p2    |    xor   |      0|  0|   2|           1|           2|
    |xor_ln779_118_fu_3113_p2    |    xor   |      0|  0|   2|           1|           2|
    |xor_ln779_119_fu_3406_p2    |    xor   |      0|  0|   2|           1|           2|
    |xor_ln779_120_fu_3639_p2    |    xor   |      0|  0|   2|           1|           2|
    |xor_ln779_121_fu_3843_p2    |    xor   |      0|  0|   2|           1|           2|
    |xor_ln779_fu_1460_p2        |    xor   |      0|  0|   2|           1|           2|
    |xor_ln785_10_fu_2913_p2     |    xor   |      0|  0|   2|           1|           2|
    |xor_ln785_11_fu_3139_p2     |    xor   |      0|  0|   2|           1|           2|
    |xor_ln785_13_fu_3432_p2     |    xor   |      0|  0|   2|           1|           2|
    |xor_ln785_14_fu_3665_p2     |    xor   |      0|  0|   2|           1|           2|
    |xor_ln785_15_fu_3869_p2     |    xor   |      0|  0|   2|           1|           2|
    |xor_ln785_241_fu_1498_p2    |    xor   |      0|  0|   2|           1|           2|
    |xor_ln785_242_fu_1544_p2    |    xor   |      0|  0|   2|           1|           2|
    |xor_ln785_243_fu_1620_p2    |    xor   |      0|  0|   2|           1|           2|
    |xor_ln785_244_fu_1847_p2    |    xor   |      0|  0|   2|           1|           2|
    |xor_ln785_245_fu_2080_p2    |    xor   |      0|  0|   2|           1|           2|
    |xor_ln785_246_fu_2298_p2    |    xor   |      0|  0|   2|           1|           2|
    |xor_ln785_247_fu_2344_p2    |    xor   |      0|  0|   2|           1|           2|
    |xor_ln785_248_fu_2596_p2    |    xor   |      0|  0|   2|           1|           2|
    |xor_ln785_249_fu_4238_p2    |    xor   |      0|  0|   2|           1|           2|
    |xor_ln785_250_fu_2663_p2    |    xor   |      0|  0|   2|           1|           2|
    |xor_ln785_251_fu_2925_p2    |    xor   |      0|  0|   2|           1|           2|
    |xor_ln785_252_fu_3151_p2    |    xor   |      0|  0|   2|           1|           2|
    |xor_ln785_253_fu_3197_p2    |    xor   |      0|  0|   2|           1|           2|
    |xor_ln785_254_fu_3444_p2    |    xor   |      0|  0|   2|           1|           2|
    |xor_ln785_255_fu_3677_p2    |    xor   |      0|  0|   2|           1|           2|
    |xor_ln785_256_fu_3881_p2    |    xor   |      0|  0|   2|           1|           2|
    |xor_ln785_3_fu_1835_p2      |    xor   |      0|  0|   2|           1|           2|
    |xor_ln785_4_fu_2068_p2      |    xor   |      0|  0|   2|           1|           2|
    |xor_ln785_5_fu_2286_p2      |    xor   |      0|  0|   2|           1|           2|
    |xor_ln785_7_fu_2584_p2      |    xor   |      0|  0|   2|           1|           2|
    |xor_ln785_8_fu_4226_p2      |    xor   |      0|  0|   2|           1|           2|
    |xor_ln785_fu_1486_p2        |    xor   |      0|  0|   2|           1|           2|
    |xor_ln786_12_fu_3212_p2     |    xor   |      0|  0|   2|           2|           1|
    |xor_ln786_169_fu_1871_p2    |    xor   |      0|  0|   2|           1|           2|
    |xor_ln786_170_fu_2104_p2    |    xor   |      0|  0|   2|           1|           2|
    |xor_ln786_171_fu_2322_p2    |    xor   |      0|  0|   2|           1|           2|
    |xor_ln786_172_fu_2620_p2    |    xor   |      0|  0|   2|           1|           2|
    |xor_ln786_173_fu_4262_p2    |    xor   |      0|  0|   2|           1|           2|
    |xor_ln786_174_fu_2949_p2    |    xor   |      0|  0|   2|           1|           2|
    |xor_ln786_175_fu_3175_p2    |    xor   |      0|  0|   2|           1|           2|
    |xor_ln786_176_fu_3468_p2    |    xor   |      0|  0|   2|           1|           2|
    |xor_ln786_177_fu_3701_p2    |    xor   |      0|  0|   2|           1|           2|
    |xor_ln786_178_fu_3905_p2    |    xor   |      0|  0|   2|           1|           2|
    |xor_ln786_1_fu_1559_p2      |    xor   |      0|  0|   2|           2|           1|
    |xor_ln786_2_fu_1636_p2      |    xor   |      0|  0|   2|           2|           1|
    |xor_ln786_6_fu_2359_p2      |    xor   |      0|  0|   2|           2|           1|
    |xor_ln786_9_fu_2678_p2      |    xor   |      0|  0|   2|           2|           1|
    |xor_ln786_fu_1522_p2        |    xor   |      0|  0|   2|           1|           2|
    +----------------------------+----------+-------+---+----+------------+------------+
    |Total                       |          |      0|  0|3012|        1131|        2117|
    +----------------------------+----------+-------+---+----+------------+------------+

    * Multiplexer: 
    +--------------------------------+----+-----------+-----+-----------+
    |              Name              | LUT| Input Size| Bits| Total Bits|
    +--------------------------------+----+-----------+-----+-----------+
    |ap_NS_fsm                       |  21|          4|    1|          4|
    |ap_enable_reg_pp0_iter1         |   9|          2|    1|          2|
    |ap_enable_reg_pp0_iter5         |   9|          2|    1|          2|
    |ap_phi_mux_col_0_phi_fu_640_p4  |   9|          2|    6|         12|
    |ap_phi_mux_row_0_phi_fu_629_p4  |   9|          2|    6|         12|
    |col_0_reg_636                   |   9|          2|    6|         12|
    |indvar_flatten_reg_614          |   9|          2|   11|         22|
    |row_0_reg_625                   |   9|          2|    6|         12|
    +--------------------------------+----+-----------+-----+-----------+
    |Total                           |  84|         18|   38|         78|
    +--------------------------------+----+-----------+-----+-----------+

    * Register: 
    +-------------------------------------+----+----+-----+-----------+
    |                 Name                | FF | LUT| Bits| Const Bits|
    +-------------------------------------+----+----+-----+-----------+
    |add_ln1192_105_reg_4592              |  17|   0|   17|          0|
    |add_ln1192_111_reg_4680              |  17|   0|   17|          0|
    |add_ln1192_115_reg_4701              |  17|   0|   17|          0|
    |add_ln1192_119_reg_4745              |  17|   0|   17|          0|
    |add_ln1192_124_reg_4795              |  17|   0|   17|          0|
    |add_ln1192_127_reg_4811              |  17|   0|   18|          1|
    |add_ln1192_134_reg_4856              |  17|   0|   17|          0|
    |add_ln1192_136_reg_4872              |  17|   0|   17|          0|
    |add_ln415_101_reg_4939               |  16|   0|   16|          0|
    |add_ln415_102_reg_4970               |  16|   0|   16|          0|
    |add_ln415_103_reg_5001               |  16|   0|   16|          0|
    |add_ln415_105_reg_5032               |  16|   0|   16|          0|
    |add_ln415_106_reg_5233               |  16|   0|   16|          0|
    |add_ln415_108_reg_5078               |  16|   0|   16|          0|
    |add_ln415_109_reg_5109               |  16|   0|   16|          0|
    |add_ln415_111_reg_5140               |  16|   0|   16|          0|
    |add_ln415_112_reg_5171               |  16|   0|   16|          0|
    |add_ln415_113_reg_5202               |  16|   0|   16|          0|
    |add_ln415_reg_4908                   |  16|   0|   16|          0|
    |add_ln75_reg_4491                    |   6|   0|    6|          0|
    |and_ln781_10_reg_5084                |   1|   0|    1|          0|
    |and_ln781_11_reg_5115                |   1|   0|    1|          0|
    |and_ln781_13_reg_5146                |   1|   0|    1|          0|
    |and_ln781_14_reg_5177                |   1|   0|    1|          0|
    |and_ln781_15_reg_5208                |   1|   0|    1|          0|
    |and_ln781_3_reg_4945                 |   1|   0|    1|          0|
    |and_ln781_4_reg_4976                 |   1|   0|    1|          0|
    |and_ln781_5_reg_5007                 |   1|   0|    1|          0|
    |and_ln781_7_reg_5038                 |   1|   0|    1|          0|
    |and_ln781_8_reg_5239                 |   1|   0|    1|          0|
    |and_ln781_reg_4914                   |   1|   0|    1|          0|
    |and_ln786_10_reg_5094                |   1|   0|    1|          0|
    |and_ln786_11_reg_5125                |   1|   0|    1|          0|
    |and_ln786_13_reg_5156                |   1|   0|    1|          0|
    |and_ln786_14_reg_5187                |   1|   0|    1|          0|
    |and_ln786_15_reg_5218                |   1|   0|    1|          0|
    |and_ln786_283_reg_4929               |   1|   0|    1|          0|
    |and_ln786_286_reg_4960               |   1|   0|    1|          0|
    |and_ln786_287_reg_4991               |   1|   0|    1|          0|
    |and_ln786_288_reg_5022               |   1|   0|    1|          0|
    |and_ln786_290_reg_5053               |   1|   0|    1|          0|
    |and_ln786_291_reg_5254               |   1|   0|    1|          0|
    |and_ln786_293_reg_5099               |   1|   0|    1|          0|
    |and_ln786_294_reg_5130               |   1|   0|    1|          0|
    |and_ln786_296_reg_5161               |   1|   0|    1|          0|
    |and_ln786_297_reg_5192               |   1|   0|    1|          0|
    |and_ln786_298_reg_5223               |   1|   0|    1|          0|
    |and_ln786_3_reg_4955                 |   1|   0|    1|          0|
    |and_ln786_4_reg_4986                 |   1|   0|    1|          0|
    |and_ln786_5_reg_5017                 |   1|   0|    1|          0|
    |and_ln786_7_reg_5048                 |   1|   0|    1|          0|
    |and_ln786_8_reg_5249                 |   1|   0|    1|          0|
    |and_ln786_reg_4924                   |   1|   0|    1|          0|
    |ap_CS_fsm                            |   3|   0|    3|          0|
    |ap_enable_reg_pp0_iter0              |   1|   0|    1|          0|
    |ap_enable_reg_pp0_iter1              |   1|   0|    1|          0|
    |ap_enable_reg_pp0_iter2              |   1|   0|    1|          0|
    |ap_enable_reg_pp0_iter3              |   1|   0|    1|          0|
    |ap_enable_reg_pp0_iter4              |   1|   0|    1|          0|
    |ap_enable_reg_pp0_iter5              |   1|   0|    1|          0|
    |block_t0_0_V_load_reg_4582           |  16|   0|   16|          0|
    |block_t0_10_V_load_reg_4789          |  16|   0|   16|          0|
    |block_t0_11_V_load_reg_4806          |  16|   0|   16|          0|
    |block_t0_13_V_load_reg_4850          |  16|   0|   16|          0|
    |block_t0_14_V_load_reg_4862          |  16|   0|   16|          0|
    |block_t0_4_V_load_reg_4670           |  16|   0|   16|          0|
    |block_t0_5_V_load_reg_4691           |  16|   0|   16|          0|
    |block_t0_7_V_load_reg_4735           |  16|   0|   16|          0|
    |block_t0_8_V_load_reg_4756           |  16|   0|   16|          0|
    |col_0_reg_636                        |   6|   0|    6|          0|
    |col_reg_4496                         |   6|   0|    6|          0|
    |icmp_ln71_reg_4465                   |   1|   0|    1|          0|
    |icmp_ln72_reg_4474                   |   1|   0|    1|          0|
    |icmp_ln785_33_reg_4730               |   1|   0|    1|          0|
    |icmp_ln785_34_reg_4784               |   1|   0|    1|          0|
    |icmp_ln785_35_reg_4845               |   1|   0|    1|          0|
    |icmp_ln785_reg_4626                  |   1|   0|    1|          0|
    |icmp_ln879_116_reg_4621              |   1|   0|    1|          0|
    |icmp_ln879_123_reg_4725              |   1|   0|    1|          0|
    |icmp_ln879_128_reg_4779              |   1|   0|    1|          0|
    |icmp_ln879_133_reg_4840              |   1|   0|    1|          0|
    |indvar_flatten_reg_614               |  11|   0|   11|          0|
    |or_ln340_10_reg_5104                 |   1|   0|    1|          0|
    |or_ln340_11_reg_5135                 |   1|   0|    1|          0|
    |or_ln340_13_reg_5166                 |   1|   0|    1|          0|
    |or_ln340_14_reg_5197                 |   1|   0|    1|          0|
    |or_ln340_15_reg_5228                 |   1|   0|    1|          0|
    |or_ln340_3_reg_4965                  |   1|   0|    1|          0|
    |or_ln340_4_reg_4996                  |   1|   0|    1|          0|
    |or_ln340_5_reg_5027                  |   1|   0|    1|          0|
    |or_ln340_7_reg_5058                  |   1|   0|    1|          0|
    |or_ln340_8_reg_5259                  |   1|   0|    1|          0|
    |or_ln340_reg_4934                    |   1|   0|    1|          0|
    |row_0_reg_625                        |   6|   0|    6|          0|
    |row_reg_4460                         |   6|   0|    6|          0|
    |select_ln75_1_reg_4484               |   6|   0|    6|          0|
    |select_ln75_reg_4479                 |   6|   0|    6|          0|
    |sub_ln1118_1_reg_4883                |  19|   0|   20|          1|
    |sub_ln1118_reg_4655                  |  20|   0|   20|          0|
    |tmp_1022_reg_4603                    |   1|   0|    1|          0|
    |tmp_1023_reg_4615                    |   1|   0|    1|          0|
    |tmp_1024_reg_4631                    |   1|   0|    1|          0|
    |tmp_1025_reg_4643                    |   1|   0|    1|          0|
    |tmp_1042_reg_4707                    |   1|   0|    1|          0|
    |tmp_1043_reg_4719                    |   1|   0|    1|          0|
    |tmp_1054_reg_4761                    |   1|   0|    1|          0|
    |tmp_1055_reg_4773                    |   1|   0|    1|          0|
    |tmp_1066_reg_4822                    |   1|   0|    1|          0|
    |tmp_1067_reg_4834                    |   1|   0|    1|          0|
    |tmp_246_reg_4649                     |   2|   0|    2|          0|
    |trunc_ln1118_1_reg_4675              |   1|   0|    1|          0|
    |trunc_ln1118_2_reg_4696              |   1|   0|    1|          0|
    |trunc_ln1118_3_reg_4740              |   1|   0|    1|          0|
    |trunc_ln1118_6_reg_4867              |   1|   0|    1|          0|
    |trunc_ln1118_reg_4587                |   1|   0|    1|          0|
    |trunc_ln1192_41_reg_4660             |   1|   0|    1|          0|
    |trunc_ln1192_42_reg_4665             |  18|   0|   18|          0|
    |trunc_ln1192_43_reg_4686             |  15|   0|   15|          0|
    |trunc_ln1192_44_reg_4751             |  15|   0|   15|          0|
    |trunc_ln1192_45_reg_5063             |  20|   0|   20|          0|
    |trunc_ln1192_46_reg_5068             |   1|   0|    1|          0|
    |trunc_ln1192_47_reg_5073             |  18|   0|   18|          0|
    |trunc_ln1192_48_reg_4801             |  15|   0|   15|          0|
    |trunc_ln1192_49_reg_4817             |  15|   0|   15|          0|
    |trunc_ln1192_50_reg_4878             |  15|   0|   15|          0|
    |trunc_ln1192_51_reg_4888             |  17|   0|   18|          1|
    |trunc_ln1192_reg_4598                |  15|   0|   15|          0|
    |trunc_ln708_120_reg_4637             |  15|   0|   16|          1|
    |trunc_ln708_124_reg_4713             |  14|   0|   16|          2|
    |trunc_ln708_127_reg_4767             |  14|   0|   16|          2|
    |trunc_ln708_130_reg_4828             |  14|   0|   16|          2|
    |trunc_ln708_s_reg_4609               |  14|   0|   16|          2|
    |xor_ln785_241_reg_4919               |   1|   0|    1|          0|
    |xor_ln785_244_reg_4950               |   1|   0|    1|          0|
    |xor_ln785_245_reg_4981               |   1|   0|    1|          0|
    |xor_ln785_246_reg_5012               |   1|   0|    1|          0|
    |xor_ln785_248_reg_5043               |   1|   0|    1|          0|
    |xor_ln785_249_reg_5244               |   1|   0|    1|          0|
    |xor_ln785_251_reg_5089               |   1|   0|    1|          0|
    |xor_ln785_252_reg_5120               |   1|   0|    1|          0|
    |xor_ln785_254_reg_5151               |   1|   0|    1|          0|
    |xor_ln785_255_reg_5182               |   1|   0|    1|          0|
    |xor_ln785_256_reg_5213               |   1|   0|    1|          0|
    |zext_ln203_5_reg_4893                |  12|   0|   64|         52|
    |zext_ln203_5_reg_4893_pp0_iter4_reg  |  12|   0|   64|         52|
    |icmp_ln71_reg_4465                   |  64|  32|    1|          0|
    |select_ln75_1_reg_4484               |  64|  32|    6|          0|
    |select_ln75_reg_4479                 |  64|  32|    6|          0|
    +-------------------------------------+----+----+-----+-----------+
    |Total                                |1091|  96| 1028|        116|
    +-------------------------------------+----+----+-----+-----------+



================================================================
== Interface
================================================================
* Summary: 
+-------------------------+-----+-----+------------+----------------+--------------+
|        RTL Ports        | Dir | Bits|  Protocol  |  Source Object |    C Type    |
+-------------------------+-----+-----+------------+----------------+--------------+
|ap_clk                   |  in |    1| ap_ctrl_hs |       bn1      | return value |
|ap_rst                   |  in |    1| ap_ctrl_hs |       bn1      | return value |
|ap_start                 |  in |    1| ap_ctrl_hs |       bn1      | return value |
|ap_done                  | out |    1| ap_ctrl_hs |       bn1      | return value |
|ap_idle                  | out |    1| ap_ctrl_hs |       bn1      | return value |
|ap_ready                 | out |    1| ap_ctrl_hs |       bn1      | return value |
|out_buf_0_0_V_address0   | out |   11|  ap_memory |  out_buf_0_0_V |     array    |
|out_buf_0_0_V_ce0        | out |    1|  ap_memory |  out_buf_0_0_V |     array    |
|out_buf_0_0_V_we0        | out |    1|  ap_memory |  out_buf_0_0_V |     array    |
|out_buf_0_0_V_d0         | out |   16|  ap_memory |  out_buf_0_0_V |     array    |
|out_buf_0_1_V_address0   | out |   11|  ap_memory |  out_buf_0_1_V |     array    |
|out_buf_0_1_V_ce0        | out |    1|  ap_memory |  out_buf_0_1_V |     array    |
|out_buf_0_1_V_we0        | out |    1|  ap_memory |  out_buf_0_1_V |     array    |
|out_buf_0_1_V_d0         | out |   16|  ap_memory |  out_buf_0_1_V |     array    |
|out_buf_0_2_V_address0   | out |   11|  ap_memory |  out_buf_0_2_V |     array    |
|out_buf_0_2_V_ce0        | out |    1|  ap_memory |  out_buf_0_2_V |     array    |
|out_buf_0_2_V_we0        | out |    1|  ap_memory |  out_buf_0_2_V |     array    |
|out_buf_0_2_V_d0         | out |   16|  ap_memory |  out_buf_0_2_V |     array    |
|out_buf_0_3_V_address0   | out |   11|  ap_memory |  out_buf_0_3_V |     array    |
|out_buf_0_3_V_ce0        | out |    1|  ap_memory |  out_buf_0_3_V |     array    |
|out_buf_0_3_V_we0        | out |    1|  ap_memory |  out_buf_0_3_V |     array    |
|out_buf_0_3_V_d0         | out |   16|  ap_memory |  out_buf_0_3_V |     array    |
|out_buf_0_4_V_address0   | out |   11|  ap_memory |  out_buf_0_4_V |     array    |
|out_buf_0_4_V_ce0        | out |    1|  ap_memory |  out_buf_0_4_V |     array    |
|out_buf_0_4_V_we0        | out |    1|  ap_memory |  out_buf_0_4_V |     array    |
|out_buf_0_4_V_d0         | out |   16|  ap_memory |  out_buf_0_4_V |     array    |
|out_buf_0_5_V_address0   | out |   11|  ap_memory |  out_buf_0_5_V |     array    |
|out_buf_0_5_V_ce0        | out |    1|  ap_memory |  out_buf_0_5_V |     array    |
|out_buf_0_5_V_we0        | out |    1|  ap_memory |  out_buf_0_5_V |     array    |
|out_buf_0_5_V_d0         | out |   16|  ap_memory |  out_buf_0_5_V |     array    |
|out_buf_0_6_V_address0   | out |   11|  ap_memory |  out_buf_0_6_V |     array    |
|out_buf_0_6_V_ce0        | out |    1|  ap_memory |  out_buf_0_6_V |     array    |
|out_buf_0_6_V_we0        | out |    1|  ap_memory |  out_buf_0_6_V |     array    |
|out_buf_0_6_V_d0         | out |   16|  ap_memory |  out_buf_0_6_V |     array    |
|out_buf_0_7_V_address0   | out |   11|  ap_memory |  out_buf_0_7_V |     array    |
|out_buf_0_7_V_ce0        | out |    1|  ap_memory |  out_buf_0_7_V |     array    |
|out_buf_0_7_V_we0        | out |    1|  ap_memory |  out_buf_0_7_V |     array    |
|out_buf_0_7_V_d0         | out |   16|  ap_memory |  out_buf_0_7_V |     array    |
|out_buf_0_8_V_address0   | out |   11|  ap_memory |  out_buf_0_8_V |     array    |
|out_buf_0_8_V_ce0        | out |    1|  ap_memory |  out_buf_0_8_V |     array    |
|out_buf_0_8_V_we0        | out |    1|  ap_memory |  out_buf_0_8_V |     array    |
|out_buf_0_8_V_d0         | out |   16|  ap_memory |  out_buf_0_8_V |     array    |
|out_buf_0_9_V_address0   | out |   11|  ap_memory |  out_buf_0_9_V |     array    |
|out_buf_0_9_V_ce0        | out |    1|  ap_memory |  out_buf_0_9_V |     array    |
|out_buf_0_9_V_we0        | out |    1|  ap_memory |  out_buf_0_9_V |     array    |
|out_buf_0_9_V_d0         | out |   16|  ap_memory |  out_buf_0_9_V |     array    |
|out_buf_0_10_V_address0  | out |   11|  ap_memory | out_buf_0_10_V |     array    |
|out_buf_0_10_V_ce0       | out |    1|  ap_memory | out_buf_0_10_V |     array    |
|out_buf_0_10_V_we0       | out |    1|  ap_memory | out_buf_0_10_V |     array    |
|out_buf_0_10_V_d0        | out |   16|  ap_memory | out_buf_0_10_V |     array    |
|out_buf_0_11_V_address0  | out |   11|  ap_memory | out_buf_0_11_V |     array    |
|out_buf_0_11_V_ce0       | out |    1|  ap_memory | out_buf_0_11_V |     array    |
|out_buf_0_11_V_we0       | out |    1|  ap_memory | out_buf_0_11_V |     array    |
|out_buf_0_11_V_d0        | out |   16|  ap_memory | out_buf_0_11_V |     array    |
|out_buf_0_12_V_address0  | out |   11|  ap_memory | out_buf_0_12_V |     array    |
|out_buf_0_12_V_ce0       | out |    1|  ap_memory | out_buf_0_12_V |     array    |
|out_buf_0_12_V_we0       | out |    1|  ap_memory | out_buf_0_12_V |     array    |
|out_buf_0_12_V_d0        | out |   16|  ap_memory | out_buf_0_12_V |     array    |
|out_buf_0_13_V_address0  | out |   11|  ap_memory | out_buf_0_13_V |     array    |
|out_buf_0_13_V_ce0       | out |    1|  ap_memory | out_buf_0_13_V |     array    |
|out_buf_0_13_V_we0       | out |    1|  ap_memory | out_buf_0_13_V |     array    |
|out_buf_0_13_V_d0        | out |   16|  ap_memory | out_buf_0_13_V |     array    |
|out_buf_0_14_V_address0  | out |   11|  ap_memory | out_buf_0_14_V |     array    |
|out_buf_0_14_V_ce0       | out |    1|  ap_memory | out_buf_0_14_V |     array    |
|out_buf_0_14_V_we0       | out |    1|  ap_memory | out_buf_0_14_V |     array    |
|out_buf_0_14_V_d0        | out |   16|  ap_memory | out_buf_0_14_V |     array    |
|out_buf_0_15_V_address0  | out |   11|  ap_memory | out_buf_0_15_V |     array    |
|out_buf_0_15_V_ce0       | out |    1|  ap_memory | out_buf_0_15_V |     array    |
|out_buf_0_15_V_we0       | out |    1|  ap_memory | out_buf_0_15_V |     array    |
|out_buf_0_15_V_d0        | out |   16|  ap_memory | out_buf_0_15_V |     array    |
|block_t0_0_V_address0    | out |   11|  ap_memory |  block_t0_0_V  |     array    |
|block_t0_0_V_ce0         | out |    1|  ap_memory |  block_t0_0_V  |     array    |
|block_t0_0_V_q0          |  in |   16|  ap_memory |  block_t0_0_V  |     array    |
|block_t0_1_V_address0    | out |   11|  ap_memory |  block_t0_1_V  |     array    |
|block_t0_1_V_ce0         | out |    1|  ap_memory |  block_t0_1_V  |     array    |
|block_t0_1_V_q0          |  in |   16|  ap_memory |  block_t0_1_V  |     array    |
|block_t0_2_V_address0    | out |   11|  ap_memory |  block_t0_2_V  |     array    |
|block_t0_2_V_ce0         | out |    1|  ap_memory |  block_t0_2_V  |     array    |
|block_t0_2_V_q0          |  in |   16|  ap_memory |  block_t0_2_V  |     array    |
|block_t0_3_V_address0    | out |   11|  ap_memory |  block_t0_3_V  |     array    |
|block_t0_3_V_ce0         | out |    1|  ap_memory |  block_t0_3_V  |     array    |
|block_t0_3_V_q0          |  in |   16|  ap_memory |  block_t0_3_V  |     array    |
|block_t0_4_V_address0    | out |   11|  ap_memory |  block_t0_4_V  |     array    |
|block_t0_4_V_ce0         | out |    1|  ap_memory |  block_t0_4_V  |     array    |
|block_t0_4_V_q0          |  in |   16|  ap_memory |  block_t0_4_V  |     array    |
|block_t0_5_V_address0    | out |   11|  ap_memory |  block_t0_5_V  |     array    |
|block_t0_5_V_ce0         | out |    1|  ap_memory |  block_t0_5_V  |     array    |
|block_t0_5_V_q0          |  in |   16|  ap_memory |  block_t0_5_V  |     array    |
|block_t0_6_V_address0    | out |   11|  ap_memory |  block_t0_6_V  |     array    |
|block_t0_6_V_ce0         | out |    1|  ap_memory |  block_t0_6_V  |     array    |
|block_t0_6_V_q0          |  in |   16|  ap_memory |  block_t0_6_V  |     array    |
|block_t0_7_V_address0    | out |   11|  ap_memory |  block_t0_7_V  |     array    |
|block_t0_7_V_ce0         | out |    1|  ap_memory |  block_t0_7_V  |     array    |
|block_t0_7_V_q0          |  in |   16|  ap_memory |  block_t0_7_V  |     array    |
|block_t0_8_V_address0    | out |   11|  ap_memory |  block_t0_8_V  |     array    |
|block_t0_8_V_ce0         | out |    1|  ap_memory |  block_t0_8_V  |     array    |
|block_t0_8_V_q0          |  in |   16|  ap_memory |  block_t0_8_V  |     array    |
|block_t0_9_V_address0    | out |   11|  ap_memory |  block_t0_9_V  |     array    |
|block_t0_9_V_ce0         | out |    1|  ap_memory |  block_t0_9_V  |     array    |
|block_t0_9_V_q0          |  in |   16|  ap_memory |  block_t0_9_V  |     array    |
|block_t0_10_V_address0   | out |   11|  ap_memory |  block_t0_10_V |     array    |
|block_t0_10_V_ce0        | out |    1|  ap_memory |  block_t0_10_V |     array    |
|block_t0_10_V_q0         |  in |   16|  ap_memory |  block_t0_10_V |     array    |
|block_t0_11_V_address0   | out |   11|  ap_memory |  block_t0_11_V |     array    |
|block_t0_11_V_ce0        | out |    1|  ap_memory |  block_t0_11_V |     array    |
|block_t0_11_V_q0         |  in |   16|  ap_memory |  block_t0_11_V |     array    |
|block_t0_12_V_address0   | out |   11|  ap_memory |  block_t0_12_V |     array    |
|block_t0_12_V_ce0        | out |    1|  ap_memory |  block_t0_12_V |     array    |
|block_t0_12_V_q0         |  in |   16|  ap_memory |  block_t0_12_V |     array    |
|block_t0_13_V_address0   | out |   11|  ap_memory |  block_t0_13_V |     array    |
|block_t0_13_V_ce0        | out |    1|  ap_memory |  block_t0_13_V |     array    |
|block_t0_13_V_q0         |  in |   16|  ap_memory |  block_t0_13_V |     array    |
|block_t0_14_V_address0   | out |   11|  ap_memory |  block_t0_14_V |     array    |
|block_t0_14_V_ce0        | out |    1|  ap_memory |  block_t0_14_V |     array    |
|block_t0_14_V_q0         |  in |   16|  ap_memory |  block_t0_14_V |     array    |
|block_t0_15_V_address0   | out |   11|  ap_memory |  block_t0_15_V |     array    |
|block_t0_15_V_ce0        | out |    1|  ap_memory |  block_t0_15_V |     array    |
|block_t0_15_V_q0         |  in |   16|  ap_memory |  block_t0_15_V |     array    |
+-------------------------+-----+-----+------------+----------------+--------------+

