

================================================================
== Vivado HLS Report for 'compute_engine_64'
================================================================
* Date:           Sat Jan 24 16:33:45 2026

* Version:        2019.2 (Build 2704478 on Wed Nov 06 22:10:23 MST 2019)
* Project:        bnn.prj
* Solution:       solution1
* Product family: zynquplus
* Target device:  xczu3eg-sbva484-1-e


================================================================
== Performance Estimates
================================================================
+ Timing: 
    * Summary: 
    +--------+---------+----------+------------+
    |  Clock |  Target | Estimated| Uncertainty|
    +--------+---------+----------+------------+
    |ap_clk  | 4.00 ns | 4.346 ns |   0.50 ns  |
    +--------+---------+----------+------------+

+ Latency: 
    * Summary: 
    +---------+---------+----------+----------+-----+-----+----------+
    |  Latency (cycles) |  Latency (absolute) |  Interval | Pipeline |
    |   min   |   max   |    min   |    max   | min | max |   Type   |
    +---------+---------+----------+----------+-----+-----+----------+
    |        1|        1| 4.346 ns | 4.346 ns |    1|    1| function |
    +---------+---------+----------+----------+-----+-----+----------+

    + Detail: 
        * Instance: 
        N/A

        * Loop: 
        N/A



================================================================
== Utilization Estimates
================================================================
* Summary: 
+-----------------+---------+-------+--------+-------+-----+
|       Name      | BRAM_18K| DSP48E|   FF   |  LUT  | URAM|
+-----------------+---------+-------+--------+-------+-----+
|DSP              |        -|      -|       -|      -|    -|
|Expression       |        -|      -|       0|    508|    -|
|FIFO             |        -|      -|       -|      -|    -|
|Instance         |        -|      -|       -|      -|    -|
|Memory           |        -|      -|       -|      -|    -|
|Multiplexer      |        -|      -|       -|      -|    -|
|Register         |        -|      -|      40|      -|    -|
+-----------------+---------+-------+--------+-------+-----+
|Total            |        0|      0|      40|    508|    0|
+-----------------+---------+-------+--------+-------+-----+
|Available        |      432|    360|  141120|  70560|    0|
+-----------------+---------+-------+--------+-------+-----+
|Utilization (%)  |        0|      0|   ~0   |   ~0  |    0|
+-----------------+---------+-------+--------+-------+-----+

+ Detail: 
    * Instance: 
    N/A

    * DSP48E: 
    N/A

    * Memory: 
    N/A

    * FIFO: 
    N/A

    * Expression: 
    +------------------------+----------+-------+---+----+------------+------------+
    |      Variable Name     | Operation| DSP48E| FF| LUT| Bitwidth P0| Bitwidth P1|
    +------------------------+----------+-------+---+----+------------+------------+
    |add_ln209_1_fu_1172_p2  |     +    |      0|  0|  69|          62|          62|
    |add_ln209_2_fu_1184_p2  |     +    |      0|  0|  19|          60|          60|
    |add_ln209_3_fu_1305_p2  |     +    |      0|  0|  19|           4|           4|
    |add_ln209_4_fu_1300_p2  |     +    |      0|  0|  19|           4|           4|
    |add_ln209_fu_1214_p2    |     +    |      0|  0|  19|          60|          60|
    |add_ln214_1_fu_1461_p2  |     +    |      0|  0|  19|           7|           7|
    |add_ln214_2_fu_1467_p2  |     +    |      0|  0|  15|           7|           7|
    |add_ln700_1_fu_1419_p2  |     +    |      0|  0|  19|          40|          40|
    |add_ln700_fu_1413_p2    |     +    |      0|  0|  67|          60|          60|
    |ap_return               |     +    |      0|  0|  19|           7|           7|
    |x_V_4_fu_1445_p2        |     +    |      0|  0|  19|          40|          40|
    |x_V_fu_1178_p2          |     +    |      0|  0|  70|          63|          63|
    |x_V_5_fu_584_p2         |     -    |      0|  0|  71|          64|          64|
    |ret_V_5_fu_188_p2       |    xor   |      0|  0|  64|          64|          64|
    +------------------------+----------+-------+---+----+------------+------------+
    |Total                   |          |      0|  0| 508|         542|         542|
    +------------------------+----------+-------+---+----+------------+------------+

    * Multiplexer: 
    N/A

    * Register: 
    +-------------------------+---+----+-----+-----------+
    |           Name          | FF| LUT| Bits| Const Bits|
    +-------------------------+---+----+-----+-----------+
    |tmp_66_reg_1494          |  4|   0|    4|          0|
    |tmp_67_reg_1500          |  4|   0|    4|          0|
    |tmp_68_reg_1506          |  4|   0|    4|          0|
    |tmp_69_reg_1513          |  4|   0|    4|          0|
    |tmp_70_reg_1521          |  4|   0|    4|          0|
    |tmp_71_reg_1529          |  4|   0|    4|          0|
    |tmp_72_reg_1537          |  4|   0|    4|          0|
    |trunc_ln1355_1_reg_1484  |  2|   0|    2|          0|
    |trunc_ln1355_reg_1479    |  2|   0|    2|          0|
    |trunc_ln209_reg_1546     |  4|   0|    4|          0|
    |trunc_ln5_reg_1489       |  4|   0|    4|          0|
    +-------------------------+---+----+-----+-----------+
    |Total                    | 40|   0|   40|          0|
    +-------------------------+---+----+-----+-----------+



================================================================
== Interface
================================================================
* Summary: 
+-----------+-----+-----+------------+-------------------+--------------+
| RTL Ports | Dir | Bits|  Protocol  |   Source Object   |    C Type    |
+-----------+-----+-----+------------+-------------------+--------------+
|ap_clk     |  in |    1| ap_ctrl_hs | compute_engine_64 | return value |
|ap_rst     |  in |    1| ap_ctrl_hs | compute_engine_64 | return value |
|ap_return  | out |    7| ap_ctrl_hs | compute_engine_64 | return value |
|b_V        |  in |   64|   ap_none  |        b_V        |    scalar    |
|w_V        |  in |   64|   ap_none  |        w_V        |    scalar    |
+-----------+-----+-----+------------+-------------------+--------------+

