

================================================================
== Vivado HLS Report for 'matmul'
================================================================
* Date:           Thu Feb  5 03:33:48 2026

* Version:        2019.2 (Build 2704478 on Wed Nov 06 22:10:23 MST 2019)
* Project:        bnn.prj
* Solution:       solution1
* Product family: zynquplus
* Target device:  xczu3eg-sbva484-1-e


================================================================
== Performance Estimates
================================================================
+ Timing: 
    * Summary: 
    +--------+---------+----------+------------+
    |  Clock |  Target | Estimated| Uncertainty|
    +--------+---------+----------+------------+
    |ap_clk  | 4.00 ns | 3.562 ns |   0.50 ns  |
    +--------+---------+----------+------------+

+ Latency: 
    * Summary: 
    +---------+---------+----------+----------+-----+-----+---------+
    |  Latency (cycles) |  Latency (absolute) |  Interval | Pipeline|
    |   min   |   max   |    min   |    max   | min | max |   Type  |
    +---------+---------+----------+----------+-----+-----+---------+
    |       94|       94| 0.376 us | 0.376 us |   94|   94|   none  |
    +---------+---------+----------+----------+-----+-----+---------+

    + Detail: 
        * Instance: 
        N/A

        * Loop: 
        +----------+---------+---------+----------+-----------+-----------+------+----------+
        |          |  Latency (cycles) | Iteration|  Initiation Interval  | Trip |          |
        | Loop Name|   min   |   max   |  Latency |  achieved |   target  | Count| Pipelined|
        +----------+---------+---------+----------+-----------+-----------+------+----------+
        |- Loop 1  |       10|       10|         1|          1|          1|    10|    yes   |
        |- Loop 2  |       68|       68|         6|          1|          1|    64|    yes   |
        |- Loop 3  |       10|       10|         1|          1|          1|    10|    yes   |
        +----------+---------+---------+----------+-----------+-----------+------+----------+



================================================================
== Utilization Estimates
================================================================
* Summary: 
+-----------------+---------+-------+--------+-------+-----+
|       Name      | BRAM_18K| DSP48E|   FF   |  LUT  | URAM|
+-----------------+---------+-------+--------+-------+-----+
|DSP              |        -|     10|       -|      -|    -|
|Expression       |        -|      -|       0|   2160|    -|
|FIFO             |        -|      -|       -|      -|    -|
|Instance         |        -|      -|       0|    110|    -|
|Memory           |        0|      -|      99|     99|    -|
|Multiplexer      |        -|      -|       -|    266|    -|
|Register         |        0|      -|    1413|     32|    -|
+-----------------+---------+-------+--------+-------+-----+
|Total            |        0|     10|    1512|   2667|    0|
+-----------------+---------+-------+--------+-------+-----+
|Available        |      432|    360|  141120|  70560|    0|
+-----------------+---------+-------+--------+-------+-----+
|Utilization (%)  |        0|      2|       1|      3|    0|
+-----------------+---------+-------+--------+-------+-----+

+ Detail: 
    * Instance: 
    +----------------------------+----------------------+---------+-------+---+----+-----+
    |          Instance          |        Module        | BRAM_18K| DSP48E| FF| LUT| URAM|
    +----------------------------+----------------------+---------+-------+---+----+-----+
    |FracNet_T_mux_104c9D_U1361  |FracNet_T_mux_104c9D  |        0|      0|  0|  55|    0|
    |FracNet_T_mux_164c8D_U1360  |FracNet_T_mux_164c8D  |        0|      0|  0|  55|    0|
    +----------------------------+----------------------+---------+-------+---+----+-----+
    |Total                       |                      |        0|      0|  0| 110|    0|
    +----------------------------+----------------------+---------+-------+---+----+-----+

    * DSP48E: 
    +----------------------------+----------------------+-----------+
    |          Instance          |        Module        | Expression|
    +----------------------------+----------------------+-----------+
    |FracNet_T_mul_muldaE_U1362  |FracNet_T_mul_muldaE  |  i0 * i1  |
    |FracNet_T_mul_muldaE_U1363  |FracNet_T_mul_muldaE  |  i0 * i1  |
    |FracNet_T_mul_muldaE_U1364  |FracNet_T_mul_muldaE  |  i0 * i1  |
    |FracNet_T_mul_muldaE_U1366  |FracNet_T_mul_muldaE  |  i0 * i1  |
    |FracNet_T_mul_muldaE_U1367  |FracNet_T_mul_muldaE  |  i0 * i1  |
    |FracNet_T_mul_muldaE_U1368  |FracNet_T_mul_muldaE  |  i0 * i1  |
    |FracNet_T_mul_muldaE_U1369  |FracNet_T_mul_muldaE  |  i0 * i1  |
    |FracNet_T_mul_muldaE_U1370  |FracNet_T_mul_muldaE  |  i0 * i1  |
    |FracNet_T_mul_muldaE_U1371  |FracNet_T_mul_muldaE  |  i0 * i1  |
    |FracNet_T_mul_muldbE_U1365  |FracNet_T_mul_muldbE  |  i0 * i1  |
    +----------------------------+----------------------+-----------+

    * Memory: 
    +-------------------------+----------------------+---------+----+----+-----+------+-----+------+-------------+
    |          Memory         |        Module        | BRAM_18K| FF | LUT| URAM| Words| Bits| Banks| W*Bits*Banks|
    +-------------------------+----------------------+---------+----+----+-----+------+-----+------+-------------+
    |linear_weight_fix_V_2_U  |matmul_linear_weic0C  |        0|  10|  10|    0|    64|   10|     1|          640|
    |linear_weight_fix_V_3_U  |matmul_linear_weic1C  |        0|   9|   9|    0|    64|    9|     1|          576|
    |linear_weight_fix_V_4_U  |matmul_linear_weic2C  |        0|  10|  10|    0|    64|   10|     1|          640|
    |linear_weight_fix_V_5_U  |matmul_linear_weic3C  |        0|  10|  10|    0|    64|   10|     1|          640|
    |linear_weight_fix_V_6_U  |matmul_linear_weic4D  |        0|  10|  10|    0|    64|   10|     1|          640|
    |linear_weight_fix_V_7_U  |matmul_linear_weic5D  |        0|  10|  10|    0|    64|   10|     1|          640|
    |linear_weight_fix_V_8_U  |matmul_linear_weic6D  |        0|  10|  10|    0|    64|   10|     1|          640|
    |linear_weight_fix_V_9_U  |matmul_linear_weic7D  |        0|  10|  10|    0|    64|   10|     1|          640|
    |linear_weight_fix_V_s_U  |matmul_linear_weicYC  |        0|  10|  10|    0|    64|   10|     1|          640|
    |linear_weight_fix_V_1_U  |matmul_linear_weicZC  |        0|  10|  10|    0|    64|   10|     1|          640|
    +-------------------------+----------------------+---------+----+----+-----+------+-----+------+-------------+
    |Total                    |                      |        0|  99|  99|    0|   640|   99|    10|         6336|
    +-------------------------+----------------------+---------+----+----+-----+------+-----+------+-------------+

    * FIFO: 
    N/A

    * Expression: 
    +----------------------------+----------+-------+---+----+------------+------------+
    |        Variable Name       | Operation| DSP48E| FF| LUT| Bitwidth P0| Bitwidth P1|
    +----------------------------+----------+-------+---+----+------------+------------+
    |add_ln1192_10_fu_1271_p2    |     +    |      0|  0|  31|          24|          24|
    |add_ln1192_11_fu_1494_p2    |     +    |      0|  0|  31|          24|          24|
    |add_ln1192_12_fu_1717_p2    |     +    |      0|  0|  31|          24|          24|
    |add_ln1192_13_fu_1944_p2    |     +    |      0|  0|  31|          24|          24|
    |add_ln1192_14_fu_2167_p2    |     +    |      0|  0|  31|          24|          24|
    |add_ln1192_15_fu_2390_p2    |     +    |      0|  0|  31|          24|          24|
    |add_ln1192_16_fu_2613_p2    |     +    |      0|  0|  31|          24|          24|
    |add_ln1192_17_fu_2836_p2    |     +    |      0|  0|  31|          24|          24|
    |add_ln1192_18_fu_3059_p2    |     +    |      0|  0|  31|          24|          24|
    |add_ln1192_19_fu_3282_p2    |     +    |      0|  0|  31|          24|          24|
    |add_ln1192_1_fu_1489_p2     |     +    |      0|  0|  34|          27|          27|
    |add_ln1192_2_fu_1712_p2     |     +    |      0|  0|  34|          27|          27|
    |add_ln1192_3_fu_1938_p2     |     +    |      0|  0|  34|          27|          27|
    |add_ln1192_4_fu_2162_p2     |     +    |      0|  0|  34|          27|          27|
    |add_ln1192_5_fu_2385_p2     |     +    |      0|  0|  34|          27|          27|
    |add_ln1192_6_fu_2608_p2     |     +    |      0|  0|  34|          27|          27|
    |add_ln1192_7_fu_2831_p2     |     +    |      0|  0|  34|          27|          27|
    |add_ln1192_8_fu_3054_p2     |     +    |      0|  0|  34|          27|          27|
    |add_ln1192_9_fu_3277_p2     |     +    |      0|  0|  34|          27|          27|
    |add_ln1192_fu_1266_p2       |     +    |      0|  0|  34|          27|          27|
    |add_ln415_1_fu_884_p2       |     +    |      0|  0|  17|          10|          10|
    |add_ln415_2_fu_912_p2       |     +    |      0|  0|  17|          10|          10|
    |add_ln415_3_fu_940_p2       |     +    |      0|  0|  16|           9|           9|
    |add_ln415_4_fu_968_p2       |     +    |      0|  0|  17|          10|          10|
    |add_ln415_5_fu_996_p2       |     +    |      0|  0|  17|          10|          10|
    |add_ln415_6_fu_1024_p2      |     +    |      0|  0|  17|          10|          10|
    |add_ln415_7_fu_1052_p2      |     +    |      0|  0|  17|          10|          10|
    |add_ln415_8_fu_1080_p2      |     +    |      0|  0|  17|          10|          10|
    |add_ln415_9_fu_1108_p2      |     +    |      0|  0|  17|          10|          10|
    |add_ln415_fu_856_p2         |     +    |      0|  0|  17|          10|          10|
    |buf_0_V_2_fu_599_p2         |     +    |      0|  0|  19|          12|          12|
    |buf_0_V_fu_1305_p2          |     +    |      0|  0|  23|          16|          16|
    |buf_1_V_fu_1528_p2          |     +    |      0|  0|  23|          16|          16|
    |buf_2_V_fu_1751_p2          |     +    |      0|  0|  23|          16|          16|
    |buf_3_V_fu_1978_p2          |     +    |      0|  0|  23|          16|          16|
    |buf_4_V_fu_2201_p2          |     +    |      0|  0|  23|          16|          16|
    |buf_5_V_fu_2424_p2          |     +    |      0|  0|  23|          16|          16|
    |buf_6_V_fu_2647_p2          |     +    |      0|  0|  23|          16|          16|
    |buf_7_V_fu_2870_p2          |     +    |      0|  0|  23|          16|          16|
    |buf_8_V_1_fu_3093_p2        |     +    |      0|  0|  23|          16|          16|
    |buf_9_V_fu_3316_p2          |     +    |      0|  0|  23|          16|          16|
    |cii_fu_665_p2               |     +    |      0|  0|  15|           7|           1|
    |coo_1_fu_3620_p2            |     +    |      0|  0|  12|           4|           1|
    |coo_fu_533_p2               |     +    |      0|  0|  12|           4|           1|
    |tmp_in_V_1_fu_714_p2        |     +    |      0|  0|  23|          16|          16|
    |and_ln416_1_fu_1548_p2      |    and   |      0|  0|   2|           1|           1|
    |and_ln416_2_fu_1771_p2      |    and   |      0|  0|   2|           1|           1|
    |and_ln416_3_fu_1998_p2      |    and   |      0|  0|   2|           1|           1|
    |and_ln416_4_fu_2221_p2      |    and   |      0|  0|   2|           1|           1|
    |and_ln416_5_fu_2444_p2      |    and   |      0|  0|   2|           1|           1|
    |and_ln416_6_fu_2667_p2      |    and   |      0|  0|   2|           1|           1|
    |and_ln416_7_fu_2890_p2      |    and   |      0|  0|   2|           1|           1|
    |and_ln416_8_fu_3113_p2      |    and   |      0|  0|   2|           1|           1|
    |and_ln416_9_fu_3336_p2      |    and   |      0|  0|   2|           1|           1|
    |and_ln416_fu_1325_p2        |    and   |      0|  0|   2|           1|           1|
    |and_ln779_1_fu_1622_p2      |    and   |      0|  0|   2|           1|           1|
    |and_ln779_2_fu_1845_p2      |    and   |      0|  0|   2|           1|           1|
    |and_ln779_3_fu_2072_p2      |    and   |      0|  0|   2|           1|           1|
    |and_ln779_4_fu_2295_p2      |    and   |      0|  0|   2|           1|           1|
    |and_ln779_5_fu_2518_p2      |    and   |      0|  0|   2|           1|           1|
    |and_ln779_6_fu_2741_p2      |    and   |      0|  0|   2|           1|           1|
    |and_ln779_7_fu_2964_p2      |    and   |      0|  0|   2|           1|           1|
    |and_ln779_8_fu_3187_p2      |    and   |      0|  0|   2|           1|           1|
    |and_ln779_9_fu_3410_p2      |    and   |      0|  0|   2|           1|           1|
    |and_ln779_fu_1399_p2        |    and   |      0|  0|   2|           1|           1|
    |and_ln781_1_fu_1636_p2      |    and   |      0|  0|   2|           1|           1|
    |and_ln781_2_fu_1859_p2      |    and   |      0|  0|   2|           1|           1|
    |and_ln781_3_fu_2086_p2      |    and   |      0|  0|   2|           1|           1|
    |and_ln781_4_fu_2309_p2      |    and   |      0|  0|   2|           1|           1|
    |and_ln781_5_fu_2532_p2      |    and   |      0|  0|   2|           1|           1|
    |and_ln781_6_fu_2755_p2      |    and   |      0|  0|   2|           1|           1|
    |and_ln781_7_fu_2978_p2      |    and   |      0|  0|   2|           1|           1|
    |and_ln781_8_fu_3201_p2      |    and   |      0|  0|   2|           1|           1|
    |and_ln781_9_fu_3424_p2      |    and   |      0|  0|   2|           1|           1|
    |and_ln781_fu_1413_p2        |    and   |      0|  0|   2|           1|           1|
    |and_ln785_1_fu_1660_p2      |    and   |      0|  0|   2|           1|           1|
    |and_ln785_2_fu_1883_p2      |    and   |      0|  0|   2|           1|           1|
    |and_ln785_3_fu_2110_p2      |    and   |      0|  0|   2|           1|           1|
    |and_ln785_4_fu_2333_p2      |    and   |      0|  0|   2|           1|           1|
    |and_ln785_5_fu_2556_p2      |    and   |      0|  0|   2|           1|           1|
    |and_ln785_6_fu_2779_p2      |    and   |      0|  0|   2|           1|           1|
    |and_ln785_7_fu_3002_p2      |    and   |      0|  0|   2|           1|           1|
    |and_ln785_8_fu_3225_p2      |    and   |      0|  0|   2|           1|           1|
    |and_ln785_9_fu_3448_p2      |    and   |      0|  0|   2|           1|           1|
    |and_ln785_fu_1437_p2        |    and   |      0|  0|   2|           1|           1|
    |and_ln786_10_fu_2339_p2     |    and   |      0|  0|   2|           1|           1|
    |and_ln786_11_fu_2357_p2     |    and   |      0|  0|   2|           1|           1|
    |and_ln786_12_fu_2562_p2     |    and   |      0|  0|   2|           1|           1|
    |and_ln786_13_fu_2580_p2     |    and   |      0|  0|   2|           1|           1|
    |and_ln786_14_fu_2785_p2     |    and   |      0|  0|   2|           1|           1|
    |and_ln786_15_fu_2803_p2     |    and   |      0|  0|   2|           1|           1|
    |and_ln786_16_fu_3008_p2     |    and   |      0|  0|   2|           1|           1|
    |and_ln786_17_fu_3026_p2     |    and   |      0|  0|   2|           1|           1|
    |and_ln786_18_fu_3231_p2     |    and   |      0|  0|   2|           1|           1|
    |and_ln786_19_fu_3249_p2     |    and   |      0|  0|   2|           1|           1|
    |and_ln786_20_fu_3454_p2     |    and   |      0|  0|   2|           1|           1|
    |and_ln786_21_fu_3472_p2     |    and   |      0|  0|   2|           1|           1|
    |and_ln786_2_fu_1443_p2      |    and   |      0|  0|   2|           1|           1|
    |and_ln786_3_fu_1461_p2      |    and   |      0|  0|   2|           1|           1|
    |and_ln786_4_fu_1666_p2      |    and   |      0|  0|   2|           1|           1|
    |and_ln786_5_fu_1684_p2      |    and   |      0|  0|   2|           1|           1|
    |and_ln786_6_fu_1889_p2      |    and   |      0|  0|   2|           1|           1|
    |and_ln786_7_fu_1907_p2      |    and   |      0|  0|   2|           1|           1|
    |and_ln786_8_fu_2116_p2      |    and   |      0|  0|   2|           1|           1|
    |and_ln786_9_fu_2134_p2      |    and   |      0|  0|   2|           1|           1|
    |and_ln786_fu_774_p2         |    and   |      0|  0|   2|           1|           1|
    |carry_2_fu_734_p2           |    and   |      0|  0|   2|           1|           1|
    |overflow_fu_768_p2          |    and   |      0|  0|   2|           1|           1|
    |underflow_fu_790_p2         |    and   |      0|  0|   2|           1|           1|
    |icmp_ln263_fu_527_p2        |   icmp   |      0|  0|   9|           4|           4|
    |icmp_ln268_fu_659_p2        |   icmp   |      0|  0|  11|           7|           8|
    |icmp_ln281_fu_3614_p2       |   icmp   |      0|  0|   9|           4|           4|
    |icmp_ln768_1_fu_1594_p2     |   icmp   |      0|  0|   9|           4|           1|
    |icmp_ln768_2_fu_1817_p2     |   icmp   |      0|  0|   9|           4|           1|
    |icmp_ln768_3_fu_2044_p2     |   icmp   |      0|  0|   9|           4|           1|
    |icmp_ln768_4_fu_2267_p2     |   icmp   |      0|  0|   9|           4|           1|
    |icmp_ln768_5_fu_2490_p2     |   icmp   |      0|  0|   9|           4|           1|
    |icmp_ln768_6_fu_2713_p2     |   icmp   |      0|  0|   9|           4|           1|
    |icmp_ln768_7_fu_2936_p2     |   icmp   |      0|  0|   9|           4|           1|
    |icmp_ln768_8_fu_3159_p2     |   icmp   |      0|  0|   9|           4|           1|
    |icmp_ln768_9_fu_3382_p2     |   icmp   |      0|  0|   9|           4|           1|
    |icmp_ln768_fu_1371_p2       |   icmp   |      0|  0|   9|           4|           1|
    |icmp_ln879_10_fu_2468_p2    |   icmp   |      0|  0|   9|           3|           2|
    |icmp_ln879_11_fu_2484_p2    |   icmp   |      0|  0|   9|           4|           2|
    |icmp_ln879_12_fu_2691_p2    |   icmp   |      0|  0|   9|           3|           2|
    |icmp_ln879_13_fu_2707_p2    |   icmp   |      0|  0|   9|           4|           2|
    |icmp_ln879_14_fu_2914_p2    |   icmp   |      0|  0|   9|           3|           2|
    |icmp_ln879_15_fu_2930_p2    |   icmp   |      0|  0|   9|           4|           2|
    |icmp_ln879_16_fu_3137_p2    |   icmp   |      0|  0|   9|           3|           2|
    |icmp_ln879_17_fu_3153_p2    |   icmp   |      0|  0|   9|           4|           2|
    |icmp_ln879_18_fu_3360_p2    |   icmp   |      0|  0|   9|           3|           2|
    |icmp_ln879_19_fu_3376_p2    |   icmp   |      0|  0|   9|           4|           2|
    |icmp_ln879_1_fu_1365_p2     |   icmp   |      0|  0|   9|           4|           2|
    |icmp_ln879_2_fu_1572_p2     |   icmp   |      0|  0|   9|           3|           2|
    |icmp_ln879_3_fu_1588_p2     |   icmp   |      0|  0|   9|           4|           2|
    |icmp_ln879_4_fu_1795_p2     |   icmp   |      0|  0|   9|           3|           2|
    |icmp_ln879_5_fu_1811_p2     |   icmp   |      0|  0|   9|           4|           2|
    |icmp_ln879_6_fu_2022_p2     |   icmp   |      0|  0|   9|           3|           2|
    |icmp_ln879_7_fu_2038_p2     |   icmp   |      0|  0|   9|           4|           2|
    |icmp_ln879_8_fu_2245_p2     |   icmp   |      0|  0|   9|           3|           2|
    |icmp_ln879_9_fu_2261_p2     |   icmp   |      0|  0|   9|           4|           2|
    |icmp_ln879_fu_1349_p2       |   icmp   |      0|  0|   9|           3|           2|
    |or_ln340_1_fu_807_p2        |    or    |      0|  0|   2|           1|           1|
    |or_ln340_2_fu_801_p2        |    or    |      0|  0|   2|           1|           1|
    |or_ln340_fu_795_p2          |    or    |      0|  0|   2|           1|           1|
    |or_ln785_10_fu_3436_p2      |    or    |      0|  0|   2|           1|           1|
    |or_ln785_11_fu_1467_p2      |    or    |      0|  0|   2|           1|           1|
    |or_ln785_12_fu_1690_p2      |    or    |      0|  0|   2|           1|           1|
    |or_ln785_13_fu_1913_p2      |    or    |      0|  0|   2|           1|           1|
    |or_ln785_14_fu_2140_p2      |    or    |      0|  0|   2|           1|           1|
    |or_ln785_15_fu_2363_p2      |    or    |      0|  0|   2|           1|           1|
    |or_ln785_16_fu_2586_p2      |    or    |      0|  0|   2|           1|           1|
    |or_ln785_17_fu_2809_p2      |    or    |      0|  0|   2|           1|           1|
    |or_ln785_18_fu_3032_p2      |    or    |      0|  0|   2|           1|           1|
    |or_ln785_19_fu_3255_p2      |    or    |      0|  0|   2|           1|           1|
    |or_ln785_1_fu_1425_p2       |    or    |      0|  0|   2|           1|           1|
    |or_ln785_20_fu_3478_p2      |    or    |      0|  0|   2|           1|           1|
    |or_ln785_2_fu_1648_p2       |    or    |      0|  0|   2|           1|           1|
    |or_ln785_3_fu_1871_p2       |    or    |      0|  0|   2|           1|           1|
    |or_ln785_4_fu_2098_p2       |    or    |      0|  0|   2|           1|           1|
    |or_ln785_5_fu_2321_p2       |    or    |      0|  0|   2|           1|           1|
    |or_ln785_6_fu_2544_p2       |    or    |      0|  0|   2|           1|           1|
    |or_ln785_7_fu_2767_p2       |    or    |      0|  0|   2|           1|           1|
    |or_ln785_8_fu_2990_p2       |    or    |      0|  0|   2|           1|           1|
    |or_ln785_9_fu_3213_p2       |    or    |      0|  0|   2|           1|           1|
    |or_ln785_fu_763_p2          |    or    |      0|  0|   2|           1|           1|
    |or_ln786_10_fu_3460_p2      |    or    |      0|  0|   2|           1|           1|
    |or_ln786_1_fu_1449_p2       |    or    |      0|  0|   2|           1|           1|
    |or_ln786_2_fu_1672_p2       |    or    |      0|  0|   2|           1|           1|
    |or_ln786_3_fu_1895_p2       |    or    |      0|  0|   2|           1|           1|
    |or_ln786_4_fu_2122_p2       |    or    |      0|  0|   2|           1|           1|
    |or_ln786_5_fu_2345_p2       |    or    |      0|  0|   2|           1|           1|
    |or_ln786_6_fu_2568_p2       |    or    |      0|  0|   2|           1|           1|
    |or_ln786_7_fu_2791_p2       |    or    |      0|  0|   2|           1|           1|
    |or_ln786_8_fu_3014_p2       |    or    |      0|  0|   2|           1|           1|
    |or_ln786_9_fu_3237_p2       |    or    |      0|  0|   2|           1|           1|
    |or_ln786_fu_779_p2          |    or    |      0|  0|   2|           1|           1|
    |deleted_ones_fu_753_p3      |  select  |      0|  0|   2|           1|           1|
    |select_ln340_2_fu_826_p3    |  select  |      0|  0|  16|           1|          16|
    |select_ln340_fu_812_p3      |  select  |      0|  0|  16|           1|          15|
    |select_ln388_fu_819_p3      |  select  |      0|  0|  17|           1|          17|
    |select_ln416_1_fu_1628_p3   |  select  |      0|  0|   2|           1|           1|
    |select_ln416_2_fu_1851_p3   |  select  |      0|  0|   2|           1|           1|
    |select_ln416_3_fu_2078_p3   |  select  |      0|  0|   2|           1|           1|
    |select_ln416_4_fu_2301_p3   |  select  |      0|  0|   2|           1|           1|
    |select_ln416_5_fu_2524_p3   |  select  |      0|  0|   2|           1|           1|
    |select_ln416_6_fu_2747_p3   |  select  |      0|  0|   2|           1|           1|
    |select_ln416_7_fu_2970_p3   |  select  |      0|  0|   2|           1|           1|
    |select_ln416_8_fu_3193_p3   |  select  |      0|  0|   2|           1|           1|
    |select_ln416_9_fu_3416_p3   |  select  |      0|  0|   2|           1|           1|
    |select_ln416_fu_1405_p3     |  select  |      0|  0|   2|           1|           1|
    |select_ln777_1_fu_1600_p3   |  select  |      0|  0|   2|           1|           1|
    |select_ln777_2_fu_1823_p3   |  select  |      0|  0|   2|           1|           1|
    |select_ln777_3_fu_2050_p3   |  select  |      0|  0|   2|           1|           1|
    |select_ln777_4_fu_2273_p3   |  select  |      0|  0|   2|           1|           1|
    |select_ln777_5_fu_2496_p3   |  select  |      0|  0|   2|           1|           1|
    |select_ln777_6_fu_2719_p3   |  select  |      0|  0|   2|           1|           1|
    |select_ln777_7_fu_2942_p3   |  select  |      0|  0|   2|           1|           1|
    |select_ln777_8_fu_3165_p3   |  select  |      0|  0|   2|           1|           1|
    |select_ln777_9_fu_3388_p3   |  select  |      0|  0|   2|           1|           1|
    |select_ln777_fu_1377_p3     |  select  |      0|  0|   2|           1|           1|
    |select_ln785_10_fu_3549_p3  |  select  |      0|  0|  17|           1|          15|
    |select_ln785_11_fu_3556_p3  |  select  |      0|  0|  16|           1|          16|
    |select_ln785_12_fu_3562_p3  |  select  |      0|  0|  17|           1|          15|
    |select_ln785_13_fu_3569_p3  |  select  |      0|  0|  16|           1|          16|
    |select_ln785_14_fu_3575_p3  |  select  |      0|  0|  17|           1|          15|
    |select_ln785_15_fu_3582_p3  |  select  |      0|  0|  16|           1|          16|
    |select_ln785_16_fu_3588_p3  |  select  |      0|  0|  17|           1|          15|
    |select_ln785_17_fu_3595_p3  |  select  |      0|  0|  16|           1|          16|
    |select_ln785_18_fu_3601_p3  |  select  |      0|  0|  17|           1|          15|
    |select_ln785_19_fu_3608_p3  |  select  |      0|  0|  16|           1|          16|
    |select_ln785_1_fu_3491_p3   |  select  |      0|  0|  16|           1|          16|
    |select_ln785_2_fu_3497_p3   |  select  |      0|  0|  17|           1|          15|
    |select_ln785_3_fu_3504_p3   |  select  |      0|  0|  16|           1|          16|
    |select_ln785_4_fu_3510_p3   |  select  |      0|  0|  17|           1|          15|
    |select_ln785_5_fu_3517_p3   |  select  |      0|  0|  16|           1|          16|
    |select_ln785_6_fu_3523_p3   |  select  |      0|  0|  17|           1|          15|
    |select_ln785_7_fu_3530_p3   |  select  |      0|  0|  16|           1|          16|
    |select_ln785_8_fu_3536_p3   |  select  |      0|  0|  17|           1|          15|
    |select_ln785_9_fu_3543_p3   |  select  |      0|  0|  16|           1|          16|
    |select_ln785_fu_3484_p3     |  select  |      0|  0|  17|           1|          15|
    |ap_enable_pp1               |    xor   |      0|  0|   2|           1|           2|
    |ap_enable_reg_pp1_iter1     |    xor   |      0|  0|   2|           2|           1|
    |xor_ln416_10_fu_3330_p2     |    xor   |      0|  0|   2|           1|           2|
    |xor_ln416_1_fu_1319_p2      |    xor   |      0|  0|   2|           1|           2|
    |xor_ln416_2_fu_1542_p2      |    xor   |      0|  0|   2|           1|           2|
    |xor_ln416_3_fu_1765_p2      |    xor   |      0|  0|   2|           1|           2|
    |xor_ln416_4_fu_1992_p2      |    xor   |      0|  0|   2|           1|           2|
    |xor_ln416_5_fu_2215_p2      |    xor   |      0|  0|   2|           1|           2|
    |xor_ln416_6_fu_2438_p2      |    xor   |      0|  0|   2|           1|           2|
    |xor_ln416_7_fu_2661_p2      |    xor   |      0|  0|   2|           1|           2|
    |xor_ln416_8_fu_2884_p2      |    xor   |      0|  0|   2|           1|           2|
    |xor_ln416_9_fu_3107_p2      |    xor   |      0|  0|   2|           1|           2|
    |xor_ln416_fu_728_p2         |    xor   |      0|  0|   2|           1|           2|
    |xor_ln779_10_fu_3404_p2     |    xor   |      0|  0|   2|           1|           2|
    |xor_ln779_1_fu_1393_p2      |    xor   |      0|  0|   2|           1|           2|
    |xor_ln779_2_fu_1616_p2      |    xor   |      0|  0|   2|           1|           2|
    |xor_ln779_3_fu_1839_p2      |    xor   |      0|  0|   2|           1|           2|
    |xor_ln779_4_fu_2066_p2      |    xor   |      0|  0|   2|           1|           2|
    |xor_ln779_5_fu_2289_p2      |    xor   |      0|  0|   2|           1|           2|
    |xor_ln779_6_fu_2512_p2      |    xor   |      0|  0|   2|           1|           2|
    |xor_ln779_7_fu_2735_p2      |    xor   |      0|  0|   2|           1|           2|
    |xor_ln779_8_fu_2958_p2      |    xor   |      0|  0|   2|           1|           2|
    |xor_ln779_9_fu_3181_p2      |    xor   |      0|  0|   2|           1|           2|
    |xor_ln779_fu_748_p2         |    xor   |      0|  0|   2|           1|           2|
    |xor_ln785_10_fu_2327_p2     |    xor   |      0|  0|   2|           1|           2|
    |xor_ln785_11_fu_2538_p2     |    xor   |      0|  0|   2|           1|           2|
    |xor_ln785_12_fu_2550_p2     |    xor   |      0|  0|   2|           1|           2|
    |xor_ln785_13_fu_2761_p2     |    xor   |      0|  0|   2|           1|           2|
    |xor_ln785_14_fu_2773_p2     |    xor   |      0|  0|   2|           1|           2|
    |xor_ln785_15_fu_2984_p2     |    xor   |      0|  0|   2|           1|           2|
    |xor_ln785_16_fu_2996_p2     |    xor   |      0|  0|   2|           1|           2|
    |xor_ln785_17_fu_3207_p2     |    xor   |      0|  0|   2|           1|           2|
    |xor_ln785_18_fu_3219_p2     |    xor   |      0|  0|   2|           1|           2|
    |xor_ln785_19_fu_3430_p2     |    xor   |      0|  0|   2|           1|           2|
    |xor_ln785_1_fu_1419_p2      |    xor   |      0|  0|   2|           1|           2|
    |xor_ln785_20_fu_3442_p2     |    xor   |      0|  0|   2|           1|           2|
    |xor_ln785_2_fu_1431_p2      |    xor   |      0|  0|   2|           1|           2|
    |xor_ln785_3_fu_1642_p2      |    xor   |      0|  0|   2|           1|           2|
    |xor_ln785_4_fu_1654_p2      |    xor   |      0|  0|   2|           1|           2|
    |xor_ln785_5_fu_1865_p2      |    xor   |      0|  0|   2|           1|           2|
    |xor_ln785_6_fu_1877_p2      |    xor   |      0|  0|   2|           1|           2|
    |xor_ln785_7_fu_2092_p2      |    xor   |      0|  0|   2|           1|           2|
    |xor_ln785_8_fu_2104_p2      |    xor   |      0|  0|   2|           1|           2|
    |xor_ln785_9_fu_2315_p2      |    xor   |      0|  0|   2|           1|           2|
    |xor_ln785_fu_759_p2         |    xor   |      0|  0|   2|           1|           1|
    |xor_ln786_10_fu_3466_p2     |    xor   |      0|  0|   2|           1|           2|
    |xor_ln786_1_fu_1455_p2      |    xor   |      0|  0|   2|           1|           2|
    |xor_ln786_2_fu_1678_p2      |    xor   |      0|  0|   2|           1|           2|
    |xor_ln786_3_fu_1901_p2      |    xor   |      0|  0|   2|           1|           2|
    |xor_ln786_4_fu_2128_p2      |    xor   |      0|  0|   2|           1|           2|
    |xor_ln786_5_fu_2351_p2      |    xor   |      0|  0|   2|           1|           2|
    |xor_ln786_6_fu_2574_p2      |    xor   |      0|  0|   2|           1|           2|
    |xor_ln786_7_fu_2797_p2      |    xor   |      0|  0|   2|           1|           2|
    |xor_ln786_8_fu_3020_p2      |    xor   |      0|  0|   2|           1|           2|
    |xor_ln786_9_fu_3243_p2      |    xor   |      0|  0|   2|           1|           2|
    |xor_ln786_fu_784_p2         |    xor   |      0|  0|   2|           1|           2|
    +----------------------------+----------+-------+---+----+------------+------------+
    |Total                       |          |      0|  0|2160|        1137|        1454|
    +----------------------------+----------+-------+---+----+------------+------------+

    * Multiplexer: 
    +--------------------------------------+----+-----------+-----+-----------+
    |                 Name                 | LUT| Input Size| Bits| Total Bits|
    +--------------------------------------+----+-----------+-----+-----------+
    |ap_NS_fsm                             |  41|          8|    1|          8|
    |ap_enable_reg_pp1_iter1               |   9|          2|    1|          2|
    |ap_enable_reg_pp1_iter5               |   9|          2|    1|          2|
    |ap_phi_mux_buf_0_V_21_phi_fu_468_p4   |   9|          2|   16|         32|
    |ap_phi_mux_buf_1_V_22_phi_fu_458_p4   |   9|          2|   16|         32|
    |ap_phi_mux_buf_2_V_23_phi_fu_448_p4   |   9|          2|   16|         32|
    |ap_phi_mux_buf_3_V_24_phi_fu_438_p4   |   9|          2|   16|         32|
    |ap_phi_mux_buf_4_V_25_phi_fu_428_p4   |   9|          2|   16|         32|
    |ap_phi_mux_buf_5_V_26_phi_fu_418_p4   |   9|          2|   16|         32|
    |ap_phi_mux_buf_6_V_27_phi_fu_408_p4   |   9|          2|   16|         32|
    |ap_phi_mux_buf_7_V_28_phi_fu_398_p4   |   9|          2|   16|         32|
    |ap_phi_mux_buf_8_V_29_phi_fu_388_p4   |   9|          2|   16|         32|
    |ap_phi_mux_buf_9_V_210_phi_fu_378_p4  |   9|          2|   16|         32|
    |buf_0_V_21_reg_465                    |   9|          2|   16|         32|
    |buf_1_V_22_reg_455                    |   9|          2|   16|         32|
    |buf_2_V_23_reg_445                    |   9|          2|   16|         32|
    |buf_3_V_24_reg_435                    |   9|          2|   16|         32|
    |buf_4_V_25_reg_425                    |   9|          2|   16|         32|
    |buf_5_V_26_reg_415                    |   9|          2|   16|         32|
    |buf_6_V_27_reg_405                    |   9|          2|   16|         32|
    |buf_7_V_28_reg_395                    |   9|          2|   16|         32|
    |buf_8_V_29_reg_385                    |   9|          2|   16|         32|
    |buf_9_V_210_reg_375                   |   9|          2|   16|         32|
    |cii_0_reg_475                         |   9|          2|    7|         14|
    |coo4_0_reg_486                        |   9|          2|    4|          8|
    |coo_0_reg_364                         |   9|          2|    4|          8|
    +--------------------------------------+----+-----------+-----+-----------+
    |Total                                 | 266|         58|  338|        682|
    +--------------------------------------+----+-----------+-----+-----------+

    * Register: 
    +-------------------------+----+----+-----+-----------+
    |           Name          | FF | LUT| Bits| Const Bits|
    +-------------------------+----+----+-----+-----------+
    |add_ln415_1_reg_3985     |  10|   0|   10|          0|
    |add_ln415_2_reg_3990     |  10|   0|   10|          0|
    |add_ln415_3_reg_3995     |   9|   0|    9|          0|
    |add_ln415_4_reg_4000     |  10|   0|   10|          0|
    |add_ln415_5_reg_4005     |  10|   0|   10|          0|
    |add_ln415_6_reg_4010     |  10|   0|   10|          0|
    |add_ln415_7_reg_4015     |  10|   0|   10|          0|
    |add_ln415_8_reg_4020     |  10|   0|   10|          0|
    |add_ln415_9_reg_4025     |  10|   0|   10|          0|
    |add_ln415_reg_3980       |  10|   0|   10|          0|
    |and_ln785_1_reg_4200     |   1|   0|    1|          0|
    |and_ln785_2_reg_4215     |   1|   0|    1|          0|
    |and_ln785_3_reg_4230     |   1|   0|    1|          0|
    |and_ln785_4_reg_4245     |   1|   0|    1|          0|
    |and_ln785_5_reg_4260     |   1|   0|    1|          0|
    |and_ln785_6_reg_4275     |   1|   0|    1|          0|
    |and_ln785_7_reg_4290     |   1|   0|    1|          0|
    |and_ln785_8_reg_4305     |   1|   0|    1|          0|
    |and_ln785_9_reg_4320     |   1|   0|    1|          0|
    |and_ln785_reg_4185       |   1|   0|    1|          0|
    |ap_CS_fsm                |   7|   0|    7|          0|
    |ap_enable_reg_pp1_iter0  |   1|   0|    1|          0|
    |ap_enable_reg_pp1_iter1  |   1|   0|    1|          0|
    |ap_enable_reg_pp1_iter2  |   1|   0|    1|          0|
    |ap_enable_reg_pp1_iter3  |   1|   0|    1|          0|
    |ap_enable_reg_pp1_iter4  |   1|   0|    1|          0|
    |ap_enable_reg_pp1_iter5  |   1|   0|    1|          0|
    |buf_0_V_0_fu_168         |  16|   0|   16|          0|
    |buf_0_V_0_load_reg_3810  |  16|   0|   16|          0|
    |buf_0_V_21_reg_465       |  16|   0|   16|          0|
    |buf_0_V_reg_4180         |  16|   0|   16|          0|
    |buf_1_V_0_fu_172         |  16|   0|   16|          0|
    |buf_1_V_0_load_reg_3815  |  16|   0|   16|          0|
    |buf_1_V_22_reg_455       |  16|   0|   16|          0|
    |buf_1_V_reg_4195         |  16|   0|   16|          0|
    |buf_2_V_0_fu_176         |  16|   0|   16|          0|
    |buf_2_V_0_load_reg_3820  |  16|   0|   16|          0|
    |buf_2_V_23_reg_445       |  16|   0|   16|          0|
    |buf_2_V_reg_4210         |  16|   0|   16|          0|
    |buf_3_V_0_fu_180         |  16|   0|   16|          0|
    |buf_3_V_0_load_reg_3825  |  16|   0|   16|          0|
    |buf_3_V_24_reg_435       |  16|   0|   16|          0|
    |buf_3_V_reg_4225         |  16|   0|   16|          0|
    |buf_4_V_0_fu_184         |  16|   0|   16|          0|
    |buf_4_V_0_load_reg_3830  |  16|   0|   16|          0|
    |buf_4_V_25_reg_425       |  16|   0|   16|          0|
    |buf_4_V_reg_4240         |  16|   0|   16|          0|
    |buf_5_V_0_fu_188         |  16|   0|   16|          0|
    |buf_5_V_0_load_reg_3835  |  16|   0|   16|          0|
    |buf_5_V_26_reg_415       |  16|   0|   16|          0|
    |buf_5_V_reg_4255         |  16|   0|   16|          0|
    |buf_6_V_0_fu_192         |  16|   0|   16|          0|
    |buf_6_V_0_load_reg_3840  |  16|   0|   16|          0|
    |buf_6_V_27_reg_405       |  16|   0|   16|          0|
    |buf_6_V_reg_4270         |  16|   0|   16|          0|
    |buf_7_V_0_fu_196         |  16|   0|   16|          0|
    |buf_7_V_0_load_reg_3845  |  16|   0|   16|          0|
    |buf_7_V_28_reg_395       |  16|   0|   16|          0|
    |buf_7_V_reg_4285         |  16|   0|   16|          0|
    |buf_8_V_0_fu_200         |  16|   0|   16|          0|
    |buf_8_V_0_load_reg_3850  |  16|   0|   16|          0|
    |buf_8_V_1_reg_4300       |  16|   0|   16|          0|
    |buf_8_V_29_reg_385       |  16|   0|   16|          0|
    |buf_9_V_0_fu_204         |  16|   0|   16|          0|
    |buf_9_V_0_load_reg_3855  |  16|   0|   16|          0|
    |buf_9_V_210_reg_375      |  16|   0|   16|          0|
    |buf_9_V_reg_4315         |  16|   0|   16|          0|
    |carry_2_reg_3910         |   1|   0|    1|          0|
    |cii_0_reg_475            |   7|   0|    7|          0|
    |coo4_0_reg_486           |   4|   0|    4|          0|
    |coo_0_reg_364            |   4|   0|    4|          0|
    |icmp_ln268_reg_3868      |   1|   0|    1|          0|
    |mul_ln1118_1_reg_4045    |  27|   0|   27|          0|
    |mul_ln1118_2_reg_4060    |  27|   0|   27|          0|
    |mul_ln1118_3_reg_4075    |  26|   0|   26|          0|
    |mul_ln1118_4_reg_4090    |  27|   0|   27|          0|
    |mul_ln1118_5_reg_4105    |  27|   0|   27|          0|
    |mul_ln1118_6_reg_4120    |  27|   0|   27|          0|
    |mul_ln1118_7_reg_4135    |  27|   0|   27|          0|
    |mul_ln1118_8_reg_4150    |  27|   0|   27|          0|
    |mul_ln1118_9_reg_4165    |  27|   0|   27|          0|
    |mul_ln1118_reg_4030      |  27|   0|   27|          0|
    |or_ln785_11_reg_4190     |   1|   0|    1|          0|
    |or_ln785_12_reg_4205     |   1|   0|    1|          0|
    |or_ln785_13_reg_4220     |   1|   0|    1|          0|
    |or_ln785_14_reg_4235     |   1|   0|    1|          0|
    |or_ln785_15_reg_4250     |   1|   0|    1|          0|
    |or_ln785_16_reg_4265     |   1|   0|    1|          0|
    |or_ln785_17_reg_4280     |   1|   0|    1|          0|
    |or_ln785_18_reg_4295     |   1|   0|    1|          0|
    |or_ln785_19_reg_4310     |   1|   0|    1|          0|
    |or_ln785_20_reg_4325     |   1|   0|    1|          0|
    |p_Result_3_reg_3918      |   1|   0|    1|          0|
    |p_Result_s_reg_3896      |   1|   0|    1|          0|
    |select_ln340_2_reg_3974  |  16|   0|   16|          0|
    |tmp_101_reg_4085         |   1|   0|    1|          0|
    |tmp_107_reg_4100         |   1|   0|    1|          0|
    |tmp_113_reg_4115         |   1|   0|    1|          0|
    |tmp_119_reg_4130         |   1|   0|    1|          0|
    |tmp_125_reg_4145         |   1|   0|    1|          0|
    |tmp_131_reg_4160         |   1|   0|    1|          0|
    |tmp_137_reg_4175         |   1|   0|    1|          0|
    |tmp_83_reg_4040          |   1|   0|    1|          0|
    |tmp_89_reg_4055          |   1|   0|    1|          0|
    |tmp_95_reg_4070          |   1|   0|    1|          0|
    |tmp_in_V_1_reg_3904      |  16|   0|   16|          0|
    |trunc_ln1192_1_reg_4050  |  24|   0|   24|          0|
    |trunc_ln1192_2_reg_4065  |  24|   0|   24|          0|
    |trunc_ln1192_3_reg_4080  |  24|   0|   24|          0|
    |trunc_ln1192_4_reg_4095  |  24|   0|   24|          0|
    |trunc_ln1192_5_reg_4110  |  24|   0|   24|          0|
    |trunc_ln1192_6_reg_4125  |  24|   0|   24|          0|
    |trunc_ln1192_7_reg_4140  |  24|   0|   24|          0|
    |trunc_ln1192_8_reg_4155  |  24|   0|   24|          0|
    |trunc_ln1192_9_reg_4170  |  24|   0|   24|          0|
    |trunc_ln1192_reg_4035    |  24|   0|   24|          0|
    |zext_ln270_reg_3877      |   7|   0|   64|         57|
    |icmp_ln268_reg_3868      |  64|  32|    1|          0|
    +-------------------------+----+----+-----+-----------+
    |Total                    |1413|  32| 1407|         57|
    +-------------------------+----+----+-----+-----------+



================================================================
== Interface
================================================================
* Summary: 
+-----------------------+-----+-----+------------+--------------+--------------+
|       RTL Ports       | Dir | Bits|  Protocol  | Source Object|    C Type    |
+-----------------------+-----+-----+------------+--------------+--------------+
|ap_clk                 |  in |    1| ap_ctrl_hs |    matmul    | return value |
|ap_rst                 |  in |    1| ap_ctrl_hs |    matmul    | return value |
|ap_start               |  in |    1| ap_ctrl_hs |    matmul    | return value |
|ap_done                | out |    1| ap_ctrl_hs |    matmul    | return value |
|ap_idle                | out |    1| ap_ctrl_hs |    matmul    | return value |
|ap_ready               | out |    1| ap_ctrl_hs |    matmul    | return value |
|outputs_V_address0     | out |    4|  ap_memory |   outputs_V  |     array    |
|outputs_V_ce0          | out |    1|  ap_memory |   outputs_V  |     array    |
|outputs_V_we0          | out |    1|  ap_memory |   outputs_V  |     array    |
|outputs_V_d0           | out |   32|  ap_memory |   outputs_V  |     array    |
|pool_out_buf_address0  | out |    6|  ap_memory | pool_out_buf |     array    |
|pool_out_buf_ce0       | out |    1|  ap_memory | pool_out_buf |     array    |
|pool_out_buf_q0        |  in |   32|  ap_memory | pool_out_buf |     array    |
+-----------------------+-----+-----+------------+--------------+--------------+

