/grp_binary_conv3x3_tile_fu_7618/binary_conv3x3_tile__GB14
/grp_binary_conv3x3_tile_fu_7618/binary_conv3x3_tile__GB12
/FracNet_T__GCB5
/FracNet_T__GCB1
/grp_bn_relu_shortcut_fu_9846/bn_relu_shortcut__GB2
/grp_binary_conv3x3_tile_fu_7618/binary_conv3x3_tile__GB4
/grp_binary_conv3x3_tile_fu_7618/binary_conv3x3_tile__GB6
/grp_binary_conv3x3_tile_fu_7618/binary_conv3x3_tile__GB1
/grp_binary_conv3x3_tile_fu_7618/binary_conv3x3_tile__GB10
/FracNet_T__GCB3
/FracNet_T__GCB0
/grp_binary_conv3x3_tile_fu_7618/binary_conv3x3_tile__GB9
/grp_binary_conv3x3_tile_fu_7618/binary_conv3x3_tile__GB13
/FracNet_T__GCB4
/grp_binary_conv3x3_tile_fu_7618/binary_conv3x3_tile__GB17
/grp_binary_conv3x3_tile_fu_7618/binary_conv3x3_tile__GB7
/grp_binary_conv3x3_tile_fu_7618/binary_conv3x3_tile__GB16
/grp_binary_conv3x3_tile_fu_7618/binary_conv3x3_tile__GB3
/grp_binary_conv3x3_tile_fu_7618/binary_conv3x3_tile__GB15
/grp_binary_conv3x3_tile_fu_7618/binary_conv3x3_tile__GB18
/grp_binary_conv3x3_tile_fu_7618/binary_conv3x3_tile__GB8
/FracNet_T__GCB2
/grp_bn_relu_shortcut_fu_9846/bn_relu_shortcut__GB1
/grp_binary_conv3x3_tile_fu_7618/binary_conv3x3_tile__GB5
/grp_bn_relu_shortcut_fu_9846/bn_relu_shortcut__GB0
/grp_binary_conv3x3_tile_fu_7618/binary_conv3x3_tile__GB11
/grp_binary_conv3x3_tile_fu_7618/binary_conv3x3_tile__GB0
/grp_binary_conv3x3_tile_fu_7618/binary_conv3x3_tile__GB2
